Component: ARM Compiler 5.05 update 1 (build 106) Tool: armlink [4d0efa]

==============================================================================

Section Cross References

    main.o(i.TIM6_IRQHandler) refers to stm32f10x_tim.o(i.TIM_GetITStatus) for TIM_GetITStatus
    main.o(i.TIM6_IRQHandler) refers to fmul.o(x$fpl$fmul) for __aeabi_fmul
    main.o(i.TIM6_IRQHandler) refers to kinematics.o(i.GetVelocity) for GetVelocity
    main.o(i.TIM6_IRQHandler) refers to kinematics.o(i.GetDisire) for GetDisire
    main.o(i.TIM6_IRQHandler) refers to pid.o(i.PID_CALL) for PID_CALL
    main.o(i.TIM6_IRQHandler) refers to stm32f10x_tim.o(i.TIM_ClearITPendingBit) for TIM_ClearITPendingBit
    main.o(i.TIM6_IRQHandler) refers to pwm_in.o(.data) for MyTurnflag
    main.o(i.TIM6_IRQHandler) refers to pid.o(.bss) for MyControl
    main.o(i.TIM6_IRQHandler) refers to main.o(.data) for tim2flag
    main.o(i.main) refers to delay.o(i.delay_init) for delay_init
    main.o(i.main) refers to timer.o(i.Timer6_Init) for Timer6_Init
    main.o(i.main) refers to pwm_in.o(i.tim1_pwm_in_init) for tim1_pwm_in_init
    main.o(i.main) refers to pwm_in.o(i.pwm_in_init) for pwm_in_init
    main.o(i.main) refers to misc.o(i.NVIC_PriorityGroupConfig) for NVIC_PriorityGroupConfig
    main.o(i.main) refers to usart.o(i.uart_init) for uart_init
    main.o(i.main) refers to kinematics.o(i.MatrixInit) for MatrixInit
    main.o(i.main) refers to pwm_out.o(i.TIM3_PWM_Init) for TIM3_PWM_Init
    main.o(i.main) refers to pwm_out.o(i.TIM2_PWM_Init) for TIM2_PWM_Init
    main.o(i.main) refers to 24cxx.o(i.AT24CXX_Init) for AT24CXX_Init
    main.o(i.main) refers to delay.o(i.delay_ms) for delay_ms
    main.o(i.main) refers to pwm_in.o(i.PIN2_Init) for PIN2_Init
    main.o(i.main) refers to pid.o(i.PID_INIT) for PID_INIT
    main.o(i.main) refers to led.o(i.LED_Init) for LED_Init
    main.o(i.main) refers to noretval__2printf.o(.text) for __2printf
    main.o(i.main) refers to 24cxx.o(i.AT24CXX_Read) for AT24CXX_Read
    main.o(i.main) refers to main.o(.data) for controlflag
    system_stm32f10x.o(i.SetSysClock) refers to system_stm32f10x.o(i.SetSysClockTo72) for SetSysClockTo72
    system_stm32f10x.o(i.SystemCoreClockUpdate) refers to system_stm32f10x.o(.data) for SystemCoreClock
    system_stm32f10x.o(i.SystemInit) refers to system_stm32f10x.o(i.SetSysClock) for SetSysClock
    delay.o(i.delay_init) refers to misc.o(i.SysTick_CLKSourceConfig) for SysTick_CLKSourceConfig
    delay.o(i.delay_init) refers to system_stm32f10x.o(.data) for SystemCoreClock
    delay.o(i.delay_init) refers to delay.o(.data) for fac_us
    delay.o(i.delay_ms) refers to delay.o(.data) for fac_ms
    delay.o(i.delay_us) refers to delay.o(.data) for fac_us
    usart.o(i.USART1_IRQHandler) refers (Special) to use_no_semi_2.o(.text) for __use_no_semihosting
    usart.o(i.USART1_IRQHandler) refers to stm32f10x_usart.o(i.USART_GetITStatus) for USART_GetITStatus
    usart.o(i.USART1_IRQHandler) refers to stm32f10x_usart.o(i.USART_ReceiveData) for USART_ReceiveData
    usart.o(i.USART1_IRQHandler) refers to usart.o(.data) for USART_RX_STA
    usart.o(i.USART1_IRQHandler) refers to usart.o(.bss) for USART_RX_BUF
    usart.o(i._sys_exit) refers (Special) to use_no_semi_2.o(.text) for __use_no_semihosting
    usart.o(i.fputc) refers (Special) to use_no_semi_2.o(.text) for __use_no_semihosting
    usart.o(i.uart_init) refers (Special) to use_no_semi_2.o(.text) for __use_no_semihosting
    usart.o(i.uart_init) refers to stm32f10x_rcc.o(i.RCC_APB2PeriphClockCmd) for RCC_APB2PeriphClockCmd
    usart.o(i.uart_init) refers to stm32f10x_gpio.o(i.GPIO_Init) for GPIO_Init
    usart.o(i.uart_init) refers to misc.o(i.NVIC_Init) for NVIC_Init
    usart.o(i.uart_init) refers to stm32f10x_usart.o(i.USART_Init) for USART_Init
    usart.o(i.uart_init) refers to stm32f10x_usart.o(i.USART_ITConfig) for USART_ITConfig
    usart.o(i.uart_init) refers to stm32f10x_usart.o(i.USART_Cmd) for USART_Cmd
    usart.o(.bss) refers (Special) to use_no_semi_2.o(.text) for __use_no_semihosting
    usart.o(.data) refers (Special) to use_no_semi_2.o(.text) for __use_no_semihosting
    startup_stm32f10x_hd.o(STACK) refers (Special) to heapauxi.o(.text) for __use_two_region_memory
    startup_stm32f10x_hd.o(HEAP) refers (Special) to heapauxi.o(.text) for __use_two_region_memory
    startup_stm32f10x_hd.o(RESET) refers (Special) to heapauxi.o(.text) for __use_two_region_memory
    startup_stm32f10x_hd.o(RESET) refers to startup_stm32f10x_hd.o(STACK) for __initial_sp
    startup_stm32f10x_hd.o(RESET) refers to startup_stm32f10x_hd.o(.text) for Reset_Handler
    startup_stm32f10x_hd.o(RESET) refers to stm32f10x_it.o(i.NMI_Handler) for NMI_Handler
    startup_stm32f10x_hd.o(RESET) refers to stm32f10x_it.o(i.HardFault_Handler) for HardFault_Handler
    startup_stm32f10x_hd.o(RESET) refers to stm32f10x_it.o(i.MemManage_Handler) for MemManage_Handler
[...]
    ../clib/signal.c                         0x00000000   Number         0  defsig_stak_inner.o ABSOLUTE
    ../clib/signal.c                         0x00000000   Number         0  defsig_pvfn_inner.o ABSOLUTE
    ../clib/signal.c                         0x00000000   Number         0  defsig_segv_inner.o ABSOLUTE
    ../clib/signal.c                         0x00000000   Number         0  defsig_abrt_inner.o ABSOLUTE
    ../clib/signal.c                         0x00000000   Number         0  defsig_other.o ABSOLUTE
    ../clib/signal.c                         0x00000000   Number         0  defsig_cppl_inner.o ABSOLUTE
    ../clib/signal.c                         0x00000000   Number         0  defsig_exit.o ABSOLUTE
    ../clib/signal.c                         0x00000000   Number         0  defsig_rtmem_inner.o ABSOLUTE
    ../clib/signal.c                         0x00000000   Number         0  __raise.o ABSOLUTE
    ../clib/signal.c                         0x00000000   Number         0  defsig_general.o ABSOLUTE
    ../clib/signal.c                         0x00000000   Number         0  defsig_fpe_inner.o ABSOLUTE
    ../clib/signal.c                         0x00000000   Number         0  defsig_rtred_inner.o ABSOLUTE
    ../clib/signal.s                         0x00000000   Number         0  defsig.o ABSOLUTE
    ../clib/stdio.c                          0x00000000   Number         0  ferror_locked.o ABSOLUTE
    ../clib/stdio.c                          0x00000000   Number         0  ferror.o ABSOLUTE
    ../clib/stdlib.c                         0x00000000   Number         0  exit.o ABSOLUTE
    ../fplib/d2f.s                           0x00000000   Number         0  d2f.o ABSOLUTE
    ../fplib/dflt.s                          0x00000000   Number         0  dflt_clz.o ABSOLUTE
    ../fplib/dmul.s                          0x00000000   Number         0  dmul.o ABSOLUTE
    ../fplib/dnaninf.s                       0x00000000   Number         0  dnaninf.o ABSOLUTE
    ../fplib/dretinf.s                       0x00000000   Number         0  dretinf.o ABSOLUTE
    ../fplib/faddsub.s                       0x00000000   Number         0  faddsub_clz.o ABSOLUTE
    ../fplib/fcmpi.s                         0x00000000   Number         0  fcmpi.o ABSOLUTE
    ../fplib/ffix.s                          0x00000000   Number         0  ffix.o ABSOLUTE
    ../fplib/fflt.s                          0x00000000   Number         0  fflt_clz.o ABSOLUTE
    ../fplib/fleqf.s                         0x00000000   Number         0  fleqf.o ABSOLUTE
    ../fplib/fmul.s                          0x00000000   Number         0  fmul.o ABSOLUTE
    ../fplib/fnaninf.s                       0x00000000   Number         0  fnaninf.o ABSOLUTE
    ../fplib/fpinit.s                        0x00000000   Number         0  fpinit.o ABSOLUTE
    ../fplib/fretinf.s                       0x00000000   Number         0  fretinf.o ABSOLUTE
    ../fplib/frleqf.s                        0x00000000   Number         0  frleqf.o ABSOLUTE
    ../fplib/usenofp.s                       0x00000000   Number         0  usenofp.o ABSOLUTE
    ..\CORE\core_cm3.c                       0x00000000   Number         0  core_cm3.o ABSOLUTE
    ..\CORE\startup_stm32f10x_hd.s           0x00000000   Number         0  startup_stm32f10x_hd.o ABSOLUTE
    ..\HARDWARE\24CXX\24cxx.c                0x00000000   Number         0  24cxx.o ABSOLUTE
    ..\HARDWARE\ADC\adc.c                    0x00000000   Number         0  adc.o ABSOLUTE
    ..\HARDWARE\IIC\myiic.c                  0x00000000   Number         0  myiic.o ABSOLUTE
    ..\HARDWARE\LED\led.c                    0x00000000   Number         0  led.o ABSOLUTE
    ..\HARDWARE\kinematics\kinematics.c      0x00000000   Number         0  kinematics.o ABSOLUTE
    ..\HARDWARE\pid\pid.c                    0x00000000   Number         0  pid.o ABSOLUTE
    ..\HARDWARE\pwm_in\pwm_in.c              0x00000000   Number         0  pwm_in.o ABSOLUTE
    ..\HARDWARE\pwm_out\pwm_out.c            0x00000000   Number         0  pwm_out.o ABSOLUTE
    ..\HARDWARE\timer\timer.c                0x00000000   Number         0  timer.o ABSOLUTE
    ..\STM32F10x_FWLib\src\misc.c            0x00000000   Number         0  misc.o ABSOLUTE
    ..\STM32F10x_FWLib\src\stm32f10x_adc.c   0x00000000   Number         0  stm32f10x_adc.o ABSOLUTE
    ..\STM32F10x_FWLib\src\stm32f10x_bkp.c   0x00000000   Number         0  stm32f10x_bkp.o ABSOLUTE
    ..\STM32F10x_FWLib\src\stm32f10x_can.c   0x00000000   Number         0  stm32f10x_can.o ABSOLUTE
    ..\STM32F10x_FWLib\src\stm32f10x_cec.c   0x00000000   Number         0  stm32f10x_cec.o ABSOLUTE
    ..\STM32F10x_FWLib\src\stm32f10x_crc.c   0x00000000   Number         0  stm32f10x_crc.o ABSOLUTE
    ..\STM32F10x_FWLib\src\stm32f10x_dac.c   0x00000000   Number         0  stm32f10x_dac.o ABSOLUTE
    ..\STM32F10x_FWLib\src\stm32f10x_dbgmcu.c 0x00000000   Number         0  stm32f10x_dbgmcu.o ABSOLUTE
    ..\STM32F10x_FWLib\src\stm32f10x_dma.c   0x00000000   Number         0  stm32f10x_dma.o ABSOLUTE
    ..\STM32F10x_FWLib\src\stm32f10x_exti.c  0x00000000   Number         0  stm32f10x_exti.o ABSOLUTE
    ..\STM32F10x_FWLib\src\stm32f10x_flash.c 0x00000000   Number         0  stm32f10x_flash.o ABSOLUTE
    ..\STM32F10x_FWLib\src\stm32f10x_fsmc.c  0x00000000   Number         0  stm32f10x_fsmc.o ABSOLUTE
    ..\STM32F10x_FWLib\src\stm32f10x_gpio.c  0x00000000   Number         0  stm32f10x_gpio.o ABSOLUTE
    ..\STM32F10x_FWLib\src\stm32f10x_i2c.c   0x00000000   Number         0  stm32f10x_i2c.o ABSOLUTE
    ..\STM32F10x_FWLib\src\stm32f10x_iwdg.c  0x00000000   Number         0  stm32f10x_iwdg.o ABSOLUTE
    ..\STM32F10x_FWLib\src\stm32f10x_pwr.c   0x00000000   Number         0  stm32f10x_pwr.o ABSOLUTE
    ..\STM32F10x_FWLib\src\stm32f10x_rcc.c   0x00000000   Number         0  stm32f10x_rcc.o ABSOLUTE
    ..\STM32F10x_FWLib\src\stm32f10x_rtc.c   0x00000000   Number         0  stm32f10x_rtc.o ABSOLUTE
    ..\STM32F10x_FWLib\src\stm32f10x_sdio.c  0x00000000   Number         0  stm32f10x_sdio.o ABSOLUTE
    ..\STM32F10x_FWLib\src\stm32f10x_spi.c   0x00000000   Number         0  stm32f10x_spi.o ABSOLUTE
    ..\STM32F10x_FWLib\src\stm32f10x_tim.c   0x00000000   Number         0  stm32f10x_tim.o ABSOLUTE
    ..\STM32F10x_FWLib\src\stm32f10x_usart.c 0x00000000   Number         0  stm32f10x_usart.o ABSOLUTE
    ..\STM32F10x_FWLib\src\stm32f10x_wwdg.c  0x00000000   Number         0  stm32f10x_wwdg.o ABSOLUTE
    ..\SYSTEM\delay\delay.c                  0x00000000   Number         0  delay.o ABSOLUTE
    ..\SYSTEM\sys\sys.c                      0x00000000   Number         0  sys.o ABSOLUTE
    ..\SYSTEM\usart\usart.c                  0x00000000   Number         0  usart.o ABSOLUTE
    ..\\CORE\\core_cm3.c                     0x00000000   Number         0  core_cm3.o ABSOLUTE
    ..\\SYSTEM\\sys\\sys.c                   0x00000000   Number         0  sys.o ABSOLUTE
    dc.s                                     0x00000000   Number         0  dc.o ABSOLUTE
    main.c                                   0x00000000   Number         0  main.o ABSOLUTE
    stm32f10x_it.c                           0x00000000   Number         0  stm32f10x_it.o ABSOLUTE
    system_stm32f10x.c                       0x00000000   Number         0  system_stm32f10x.o ABSOLUTE
    RESET                                    0x08000000   Section      304  startup_stm32f10x_hd.o(RESET)
    !!!main                                  0x08000130   Section        8  __main.o(!!!main)
    !!!scatter                               0x08000138   Section       52  __scatter.o(!!!scatter)
    !!dczerorl2                              0x0800016c   Section       90  __dczerorl2.o(!!dczerorl2)
    !!handler_zi                             0x080001c8   Section       28  __scatter_zi.o(!!handler_zi)
    .ARM.Collect$$libinit$$00000000          0x080001e4   Section        2  libinit.o(.ARM.Collect$$libinit$$00000000)
    .ARM.Collect$$libinit$$00000002          0x080001e6   Section        0  libinit2.o(.ARM.Collect$$libinit$$00000002)
    .ARM.Collect$$libinit$$00000004          0x080001e6   Section        0  libinit2.o(.ARM.Collect$$libinit$$00000004)
    .ARM.Collect$$libinit$$0000000A          0x080001e6   Section        0  libinit2.o(.ARM.Collect$$libinit$$0000000A)
    .ARM.Collect$$libinit$$0000000C          0x080001e6   Section        0  libinit2.o(.ARM.Collect$$libinit$$0000000C)
    .ARM.Collect$$libinit$$0000000E          0x080001e6   Section        0  libinit2.o(.ARM.Collect$$libinit$$0000000E)
    .ARM.Collect$$libinit$$00000011          0x080001e6   Section        0  libinit2.o(.ARM.Collect$$libinit$$00000011)
    .ARM.Collect$$libinit$$00000013          0x080001e6   Section        0  libinit2.o(.ARM.Collect$$libinit$$00000013)
    .ARM.Collect$$libinit$$00000015          0x080001e6   Section        0  libinit2.o(.ARM.Collect$$libinit$$00000015)
    .ARM.Collect$$libinit$$00000017          0x080001e6   Section        0  libinit2.o(.ARM.Collect$$libinit$$00000017)
    .ARM.Collect$$libinit$$00000019          0x080001e6   Section        0  libinit2.o(.ARM.Collect$$libinit$$00000019)
    .ARM.Collect$$libinit$$0000001B          0x080001e6   Section        0  libinit2.o(.ARM.Collect$$libinit$$0000001B)
    .ARM.Collect$$libinit$$0000001D          0x080001e6   Section        0  libinit2.o(.ARM.Collect$$libinit$$0000001D)
    .ARM.Collect$$libinit$$0000001F          0x080001e6   Section        0  libinit2.o(.ARM.Collect$$libinit$$0000001F)
    .ARM.Collect$$libinit$$00000021          0x080001e6   Section        0  libinit2.o(.ARM.Collect$$libinit$$00000021)
    .ARM.Collect$$libinit$$00000023          0x080001e6   Section        0  libinit2.o(.ARM.Collect$$libinit$$00000023)
    .ARM.Collect$$libinit$$00000025          0x080001e6   Section        0  libinit2.o(.ARM.Collect$$libinit$$00000025)
    .ARM.Collect$$libinit$$0000002C          0x080001e6   Section        0  libinit2.o(.ARM.Collect$$libinit$$0000002C)
    .ARM.Collect$$libinit$$0000002E          0x080001e6   Section        0  libinit2.o(.ARM.Collect$$libinit$$0000002E)
    .ARM.Collect$$libinit$$00000030          0x080001e6   Section        0  libinit2.o(.ARM.Collect$$libinit$$00000030)
    .ARM.Collect$$libinit$$00000032          0x080001e6   Section        0  libinit2.o(.ARM.Collect$$libinit$$00000032)
    .ARM.Collect$$libinit$$00000033          0x080001e6   Section        2  libinit2.o(.ARM.Collect$$libinit$$00000033)
    .ARM.Collect$$libshutdown$$00000000      0x080001e8   Section        2  libshutdown.o(.ARM.Collect$$libshutdown$$00000000)
    .ARM.Collect$$libshutdown$$00000003      0x080001ea   Section        0  libshutdown2.o(.ARM.Collect$$libshutdown$$00000003)
    .ARM.Collect$$libshutdown$$00000006      0x080001ea   Section        0  libshutdown2.o(.ARM.Collect$$libshutdown$$00000006)
    .ARM.Collect$$libshutdown$$00000009      0x080001ea   Section        0  libshutdown2.o(.ARM.Collect$$libshutdown$$00000009)
    .ARM.Collect$$libshutdown$$0000000B      0x080001ea   Section        0  libshutdown2.o(.ARM.Collect$$libshutdown$$0000000B)
    .ARM.Collect$$libshutdown$$0000000E      0x080001ea   Section        0  libshutdown2.o(.ARM.Collect$$libshutdown$$0000000E)
    .ARM.Collect$$libshutdown$$0000000F      0x080001ea   Section        2  libshutdown2.o(.ARM.Collect$$libshutdown$$0000000F)
    .ARM.Collect$$rtentry$$00000000          0x080001ec   Section        0  __rtentry.o(.ARM.Collect$$rtentry$$00000000)
    .ARM.Collect$$rtentry$$00000002          0x080001ec   Section        0  __rtentry2.o(.ARM.Collect$$rtentry$$00000002)
    .ARM.Collect$$rtentry$$00000004          0x080001ec   Section        6  __rtentry4.o(.ARM.Collect$$rtentry$$00000004)
    .ARM.Collect$$rtentry$$00000009          0x080001f2   Section        0  __rtentry2.o(.ARM.Collect$$rtentry$$00000009)
    .ARM.Collect$$rtentry$$0000000A          0x080001f2   Section        4  __rtentry2.o(.ARM.Collect$$rtentry$$0000000A)
    .ARM.Collect$$rtentry$$0000000C          0x080001f6   Section        0  __rtentry2.o(.ARM.Collect$$rtentry$$0000000C)
    .ARM.Collect$$rtentry$$0000000D          0x080001f6   Section        8  __rtentry2.o(.ARM.Collect$$rtentry$$0000000D)
    .ARM.Collect$$rtexit$$00000000           0x080001fe   Section        2  rtexit.o(.ARM.Collect$$rtexit$$00000000)
    .ARM.Collect$$rtexit$$00000002           0x08000200   Section        0  rtexit2.o(.ARM.Collect$$rtexit$$00000002)
    .ARM.Collect$$rtexit$$00000003           0x08000200   Section        4  rtexit2.o(.ARM.Collect$$rtexit$$00000003)
    .ARM.Collect$$rtexit$$00000004           0x08000204   Section        6  rtexit2.o(.ARM.Collect$$rtexit$$00000004)
    .text                                    0x0800020c   Section       64  startup_stm32f10x_hd.o(.text)
    .text                                    0x0800024c   Section        2  use_no_semi_2.o(.text)
    .text                                    0x08000250   Section        0  noretval__2printf.o(.text)
    .text                                    0x08000268   Section        0  heapauxi.o(.text)
    .text                                    0x0800026e   Section        2  use_no_semi.o(.text)
    .text                                    0x08000270   Section        0  _printf_char_file.o(.text)
    .text                                    0x08000294   Section        0  _printf_char_common.o(.text)
    _printf_input_char                       0x08000295   Thumb Code    10  _printf_char_common.o(.text)
    .text                                    0x080002c4   Section        0  ferror.o(.text)
    .text                                    0x080002cc   Section       74  sys_stackheap_outer.o(.text)
    .text                                    0x08000316   Section        0  __printf_nopercent.o(.text)
    .text                                    0x0800033e   Section        0  exit.o(.text)
    .text                                    0x0800034c   Section        8  libspace.o(.text)
    i.AT24CXX_Init                           0x08000354   Section        0  24cxx.o(i.AT24CXX_Init)
    i.AT24CXX_Read                           0x0800035c   Section        0  24cxx.o(i.AT24CXX_Read)
    i.AT24CXX_ReadOneByte                    0x0800037e   Section        0  24cxx.o(i.AT24CXX_ReadOneByte)
    i.BusFault_Handler                       0x080003d6   Section        0  stm32f10x_it.o(i.BusFault_Handler)
    i.DebugMon_Handler                       0x080003da   Section        0  stm32f10x_it.o(i.DebugMon_Handler)
    i.GPIO_Init                              0x080003dc   Section        0  stm32f10x_gpio.o(i.GPIO_Init)
    i.GPIO_PinRemapConfig                    0x080004f4   Section        0  stm32f10x_gpio.o(i.GPIO_PinRemapConfig)
    i.GPIO_ResetBits                         0x08000584   Section        0  stm32f10x_gpio.o(i.GPIO_ResetBits)
    i.GPIO_SetBits                           0x08000588   Section        0  stm32f10x_gpio.o(i.GPIO_SetBits)
    i.GetDisire                              0x0800058c   Section        0  kinematics.o(i.GetDisire)
    i.GetVelocity                            0x080006d0   Section        0  kinematics.o(i.GetVelocity)
    i.HardFault_Handler                      0x08000844   Section        0  stm32f10x_it.o(i.HardFault_Handler)
    i.IIC_Ack                                0x08000848   Section        0  myiic.o(i.IIC_Ack)
    i.IIC_Init                               0x08000898   Section        0  myiic.o(i.IIC_Init)
    i.IIC_NAck                               0x080008d0   Section        0  myiic.o(i.IIC_NAck)
    i.IIC_Read_Byte                          0x08000920   Section        0  myiic.o(i.IIC_Read_Byte)
    i.IIC_Send_Byte                          0x08000990   Section        0  myiic.o(i.IIC_Send_Byte)
    i.IIC_Start                              0x08000a04   Section        0  myiic.o(i.IIC_Start)
    i.IIC_Stop                               0x08000a50   Section        0  myiic.o(i.IIC_Stop)
    i.IIC_Wait_Ack                           0x08000a9c   Section        0  myiic.o(i.IIC_Wait_Ack)
    i.LED_Init                               0x08000b00   Section        0  led.o(i.LED_Init)
    i.MatrixInit                             0x08000b4c   Section        0  kinematics.o(i.MatrixInit)
    i.MemManage_Handler                      0x08000b94   Section        0  stm32f10x_it.o(i.MemManage_Handler)
    i.NMI_Handler                            0x08000b98   Section        0  stm32f10x_it.o(i.NMI_Handler)
    i.NVIC_Init                              0x08000b9c   Section        0  misc.o(i.NVIC_Init)
    i.NVIC_PriorityGroupConfig               0x08000c0c   Section        0  misc.o(i.NVIC_PriorityGroupConfig)
    i.PID_CALL                               0x08000c20   Section        0  pid.o(i.PID_CALL)
    i.PID_INIT                               0x080014a0   Section        0  pid.o(i.PID_INIT)
    i.PIN2_Init                              0x08001530   Section        0  pwm_in.o(i.PIN2_Init)
    i.PendSV_Handler                         0x08001574   Section        0  stm32f10x_it.o(i.PendSV_Handler)
    i.RCC_APB1PeriphClockCmd                 0x08001578   Section        0  stm32f10x_rcc.o(i.RCC_APB1PeriphClockCmd)
    i.RCC_APB2PeriphClockCmd                 0x08001598   Section        0  stm32f10x_rcc.o(i.RCC_APB2PeriphClockCmd)
    i.RCC_GetClocksFreq                      0x080015b8   Section        0  stm32f10x_rcc.o(i.RCC_GetClocksFreq)
    i.SVC_Handler                            0x0800168c   Section        0  stm32f10x_it.o(i.SVC_Handler)
    i.SetSysClock                            0x0800168e   Section        0  system_stm32f10x.o(i.SetSysClock)
    SetSysClock                              0x0800168f   Thumb Code     8  system_stm32f10x.o(i.SetSysClock)
    i.SetSysClockTo72                        0x08001698   Section        0  system_stm32f10x.o(i.SetSysClockTo72)
    SetSysClockTo72                          0x08001699   Thumb Code   214  system_stm32f10x.o(i.SetSysClockTo72)
    i.SysTick_CLKSourceConfig                0x08001778   Section        0  misc.o(i.SysTick_CLKSourceConfig)
    i.SysTick_Handler                        0x080017a0   Section        0  stm32f10x_it.o(i.SysTick_Handler)
    i.SystemInit                             0x080017a4   Section        0  system_stm32f10x.o(i.SystemInit)
    i.TI1_Config                             0x08001804   Section        0  stm32f10x_tim.o(i.TI1_Config)
    TI1_Config                               0x08001805   Thumb Code   108  stm32f10x_tim.o(i.TI1_Config)
    i.TI2_Config                             0x08001884   Section        0  stm32f10x_tim.o(i.TI2_Config)
    TI2_Config                               0x08001885   Thumb Code   130  stm32f10x_tim.o(i.TI2_Config)
    i.TI3_Config                             0x0800191c   Section        0  stm32f10x_tim.o(i.TI3_Config)
    TI3_Config                               0x0800191d   Thumb Code   122  stm32f10x_tim.o(i.TI3_Config)
    i.TI4_Config                             0x080019ac   Section        0  stm32f10x_tim.o(i.TI4_Config)
    TI4_Config                               0x080019ad   Thumb Code   130  stm32f10x_tim.o(i.TI4_Config)
    i.TIM1_CC_IRQHandler                     0x08001a44   Section        0  pwm_in.o(i.TIM1_CC_IRQHandler)
    i.TIM2_PWM_Init                          0x08001df4   Section        0  pwm_out.o(i.TIM2_PWM_Init)
    i.TIM2_PWM_OUTPUT                        0x08001eb8   Section        0  pwm_out.o(i.TIM2_PWM_OUTPUT)
    i.TIM3_PWM_Init                          0x08001ef0   Section        0  pwm_out.o(i.TIM3_PWM_Init)
    i.TIM3_PWM_OUTPUT                        0x08001fc8   Section        0  pwm_out.o(i.TIM3_PWM_OUTPUT)
    i.TIM4_IRQHandler                        0x08001ffc   Section        0  pwm_in.o(i.TIM4_IRQHandler)
    i.TIM6_IRQHandler                        0x080022e4   Section        0  main.o(i.TIM6_IRQHandler)
    i.TIM_ARRPreloadConfig                   0x08002398   Section        0  stm32f10x_tim.o(i.TIM_ARRPreloadConfig)
    i.TIM_ClearITPendingBit                  0x080023b0   Section        0  stm32f10x_tim.o(i.TIM_ClearITPendingBit)
    i.TIM_Cmd                                0x080023b6   Section        0  stm32f10x_tim.o(i.TIM_Cmd)
    i.TIM_GetCapture1                        0x080023ce   Section        0  stm32f10x_tim.o(i.TIM_GetCapture1)
    i.TIM_GetCapture2                        0x080023d4   Section        0  stm32f10x_tim.o(i.TIM_GetCapture2)
    i.TIM_GetCapture3                        0x080023da   Section        0  stm32f10x_tim.o(i.TIM_GetCapture3)
    i.TIM_GetCapture4                        0x080023e0   Section        0  stm32f10x_tim.o(i.TIM_GetCapture4)
    i.TIM_GetITStatus                        0x080023e8   Section        0  stm32f10x_tim.o(i.TIM_GetITStatus)
    i.TIM_ICInit                             0x0800240c   Section        0  stm32f10x_tim.o(i.TIM_ICInit)
    i.TIM_ITConfig                           0x080024b8   Section        0  stm32f10x_tim.o(i.TIM_ITConfig)
    i.TIM_OC1Init                            0x080024cc   Section        0  stm32f10x_tim.o(i.TIM_OC1Init)
    i.TIM_OC1PolarityConfig                  0x08002564   Section        0  stm32f10x_tim.o(i.TIM_OC1PolarityConfig)
    i.TIM_OC1PreloadConfig                   0x08002576   Section        0  stm32f10x_tim.o(i.TIM_OC1PreloadConfig)
    i.TIM_OC2Init                            0x08002588   Section        0  stm32f10x_tim.o(i.TIM_OC2Init)
    i.TIM_OC2PolarityConfig                  0x0800262c   Section        0  stm32f10x_tim.o(i.TIM_OC2PolarityConfig)
    i.TIM_OC2PreloadConfig                   0x08002646   Section        0  stm32f10x_tim.o(i.TIM_OC2PreloadConfig)
    i.TIM_OC3Init                            0x08002660   Section        0  stm32f10x_tim.o(i.TIM_OC3Init)
    i.TIM_OC3PolarityConfig                  0x08002700   Section        0  stm32f10x_tim.o(i.TIM_OC3PolarityConfig)
    i.TIM_OC3PreloadConfig                   0x0800271a   Section        0  stm32f10x_tim.o(i.TIM_OC3PreloadConfig)
    i.TIM_OC4Init                            0x0800272c   Section        0  stm32f10x_tim.o(i.TIM_OC4Init)
    i.TIM_OC4PolarityConfig                  0x080027a8   Section        0  stm32f10x_tim.o(i.TIM_OC4PolarityConfig)
    i.TIM_OC4PreloadConfig                   0x080027c2   Section        0  stm32f10x_tim.o(i.TIM_OC4PreloadConfig)
    i.TIM_PWM_SET                            0x080027dc   Section        0  pwm_out.o(i.TIM_PWM_SET)
    i.TIM_SetCompare1                        0x0800280c   Section        0  stm32f10x_tim.o(i.TIM_SetCompare1)
    i.TIM_SetCompare2                        0x08002810   Section        0  stm32f10x_tim.o(i.TIM_SetCompare2)
    i.TIM_SetCompare3                        0x08002814   Section        0  stm32f10x_tim.o(i.TIM_SetCompare3)
    i.TIM_SetCompare4                        0x08002818   Section        0  stm32f10x_tim.o(i.TIM_SetCompare4)
    i.TIM_SetIC1Prescaler                    0x0800281e   Section        0  stm32f10x_tim.o(i.TIM_SetIC1Prescaler)
    i.TIM_SetIC2Prescaler                    0x08002830   Section        0  stm32f10x_tim.o(i.TIM_SetIC2Prescaler)
    i.TIM_SetIC3Prescaler                    0x0800284a   Section        0  stm32f10x_tim.o(i.TIM_SetIC3Prescaler)
    i.TIM_SetIC4Prescaler                    0x0800285c   Section        0  stm32f10x_tim.o(i.TIM_SetIC4Prescaler)
    i.TIM_TimeBaseInit                       0x08002878   Section        0  stm32f10x_tim.o(i.TIM_TimeBaseInit)
    i.Timer6_Init                            0x0800291c   Section        0  timer.o(i.Timer6_Init)
    i.USART1_IRQHandler                      0x0800297c   Section        0  usart.o(i.USART1_IRQHandler)
    i.USART_Cmd                              0x08002a04   Section        0  stm32f10x_usart.o(i.USART_Cmd)
    i.USART_GetITStatus                      0x08002a1c   Section        0  stm32f10x_usart.o(i.USART_GetITStatus)
    i.USART_ITConfig                         0x08002a70   Section        0  stm32f10x_usart.o(i.USART_ITConfig)
    i.USART_Init                             0x08002abc   Section        0  stm32f10x_usart.o(i.USART_Init)
    i.USART_ReceiveData                      0x08002b94   Section        0  stm32f10x_usart.o(i.USART_ReceiveData)
    i.UsageFault_Handler                     0x08002b9e   Section        0  stm32f10x_it.o(i.UsageFault_Handler)
    i._sys_exit                              0x08002ba2   Section        0  usart.o(i._sys_exit)
    i.delay_init                             0x08002ba8   Section        0  delay.o(i.delay_init)
    i.delay_ms                               0x08002bec   Section        0  delay.o(i.delay_ms)
    i.delay_us                               0x08002c38   Section        0  delay.o(i.delay_us)
    i.fputc                                  0x08002c84   Section        0  usart.o(i.fputc)
    i.main                                   0x08002ca0   Section        0  main.o(i.main)
    i.pwm_in_init                            0x08002d6c   Section        0  pwm_in.o(i.pwm_in_init)
    i.tim1_pwm_in_init                       0x08002ebc   Section        0  pwm_in.o(i.tim1_pwm_in_init)
    i.uart_init                              0x0800300c   Section        0  usart.o(i.uart_init)
    x$fpl$d2f                                0x080030ac   Section       98  d2f.o(x$fpl$d2f)
    x$fpl$dflt                               0x0800310e   Section       46  dflt_clz.o(x$fpl$dflt)
    x$fpl$dmul                               0x0800313c   Section      340  dmul.o(x$fpl$dmul)
    x$fpl$dnaninf                            0x08003290   Section      156  dnaninf.o(x$fpl$dnaninf)
    x$fpl$dretinf                            0x0800332c   Section       12  dretinf.o(x$fpl$dretinf)
    x$fpl$fadd                               0x08003338   Section      196  faddsub_clz.o(x$fpl$fadd)
    _fadd1                                   0x08003347   Thumb Code     0  faddsub_clz.o(x$fpl$fadd)
    x$fpl$fcmpinf                            0x080033fc   Section       24  fcmpi.o(x$fpl$fcmpinf)
    x$fpl$ffix                               0x08003414   Section       54  ffix.o(x$fpl$ffix)
    x$fpl$fflt                               0x0800344c   Section       48  fflt_clz.o(x$fpl$fflt)
    x$fpl$fleqf                              0x0800347c   Section      104  fleqf.o(x$fpl$fleqf)
    x$fpl$fmul                               0x080034e4   Section      258  fmul.o(x$fpl$fmul)
    x$fpl$fnaninf                            0x080035e6   Section      140  fnaninf.o(x$fpl$fnaninf)
    x$fpl$fretinf                            0x08003672   Section       10  fretinf.o(x$fpl$fretinf)
    x$fpl$frleqf                             0x0800367c   Section       98  frleqf.o(x$fpl$frleqf)
    x$fpl$fsub                               0x080036e0   Section      234  faddsub_clz.o(x$fpl$fsub)
    _fsub1                                   0x080036ef   Thumb Code     0  faddsub_clz.o(x$fpl$fsub)
    x$fpl$usenofp                            0x080037ca   Section        0  usenofp.o(x$fpl$usenofp)
    .data                                    0x20000000   Section       36  main.o(.data)
    .data                                    0x20000024   Section       20  system_stm32f10x.o(.data)
    .data                                    0x20000038   Section        4  delay.o(.data)
    fac_us                                   0x20000038   Data           1  delay.o(.data)
    fac_ms                                   0x2000003a   Data           2  delay.o(.data)
    .data                                    0x2000003c   Section        6  usart.o(.data)
    .data                                    0x20000042   Section       20  stm32f10x_rcc.o(.data)
    APBAHBPrescTable                         0x20000042   Data          16  stm32f10x_rcc.o(.data)
    ADCPrescTable                            0x20000052   Data           4  stm32f10x_rcc.o(.data)
    .data                                    0x20000058   Section      184  pwm_in.o(.data)
    time1                                    0x2000010c   Data           1  pwm_in.o(.data)
    time2                                    0x2000010d   Data           1  pwm_in.o(.data)
    time3                                    0x2000010e   Data           1  pwm_in.o(.data)
    time4                                    0x2000010f   Data           1  pwm_in.o(.data)
    .data                                    0x20000110   Section      120  pid.o(.data)
    .data                                    0x20000188   Section       76  kinematics.o(.data)
    .bss                                     0x200001d4   Section      200  usart.o(.bss)
    .bss                                     0x2000029c   Section      224  pid.o(.bss)
    .bss                                     0x2000037c   Section       76  kinematics.o(.bss)
    .bss                                     0x200003c8   Section       96  libspace.o(.bss)
    HEAP                                     0x20000428   Section      512  startup_stm32f10x_hd.o(HEAP)
    Heap_Mem                                 0x20000428   Data         512  startup_stm32f10x_hd.o(HEAP)
    STACK                                    0x20000628   Section     1024  startup_stm32f10x_hd.o(STACK)
    Stack_Mem                                0x20000628   Data        1024  startup_stm32f10x_hd.o(STACK)
    __initial_sp                             0x20000a28   Data           0  startup_stm32f10x_hd.o(STACK)

    Global Symbols

    Symbol Name                              Value     Ov Type        Size  Object(Section)

    BuildAttributes$$THM_ISAv4$P$D$K$B$S$PE$A:L22UL41UL21$X:L11$S22US41US21$IEEE1$IW$USESV6$~STKCKD$USESV7$~SHL$OSPACE$ROPI$EBA8$UX$STANDARDLIB$REQ8$PRES8$EABIv2 0x00000000   Number         0  anon$$obj.o ABSOLUTE
    __ARM_use_no_argv                        0x00000000   Number         0  main.o ABSOLUTE
    __ARM_exceptions_init                     - Undefined Weak Reference
    __alloca_initialize                       - Undefined Weak Reference
    __arm_preinit_                            - Undefined Weak Reference
    __cpp_initialize__aeabi_                  - Undefined Weak Reference
    __cxa_finalize                            - Undefined Weak Reference
    __rt_locale                               - Undefined Weak Reference
    __sigvec_lookup                           - Undefined Weak Reference
    _atexit_init                              - Undefined Weak Reference
    _call_atexit_fns                          - Undefined Weak Reference
    _clock_init                               - Undefined Weak Reference
    _fp_trap_init                             - Undefined Weak Reference
    _fp_trap_shutdown                         - Undefined Weak Reference
    _get_lc_collate                           - Undefined Weak Reference
    _get_lc_ctype                             - Undefined Weak Reference
    _get_lc_monetary                          - Undefined Weak Reference
    _get_lc_numeric                           - Undefined Weak Reference
    _get_lc_time                              - Undefined Weak Reference
    _getenv_init                              - Undefined Weak Reference
    _handle_redirection                       - Undefined Weak Reference
    _init_alloc                               - Undefined Weak Reference
    _init_user_alloc                          - Undefined Weak Reference
    _initio                                   - Undefined Weak Reference
    _mutex_acquire                            - Undefined Weak Reference
    _mutex_release                            - Undefined Weak Reference
    _rand_init                                - Undefined Weak Reference
    _signal_finish                            - Undefined Weak Reference
    _signal_init                              - Undefined Weak Reference
    _terminate_alloc                          - Undefined Weak Reference
    _terminate_user_alloc                     - Undefined Weak Reference
    _terminateio                              - Undefined Weak Reference
    __Vectors_Size                           0x00000130   Number         0  startup_stm32f10x_hd.o ABSOLUTE
    __Vectors                                0x08000000   Data           4  startup_stm32f10x_hd.o(RESET)
    __Vectors_End                            0x08000130   Data           0  startup_stm32f10x_hd.o(RESET)
    __main                                   0x08000131   Thumb Code     8  __main.o(!!!main)
    __scatterload                            0x08000139   Thumb Code     0  __scatter.o(!!!scatter)
    __scatterload_rt2                        0x08000139   Thumb Code    44  __scatter.o(!!!scatter)
    __scatterload_rt2_thumb_only             0x08000139   Thumb Code     0  __scatter.o(!!!scatter)
    __scatterload_null                       0x08000147   Thumb Code     0  __scatter.o(!!!scatter)
    __decompress                             0x0800016d   Thumb Code    90  __dczerorl2.o(!!dczerorl2)
    __decompress1                            0x0800016d   Thumb Code     0  __dczerorl2.o(!!dczerorl2)
    __scatterload_zeroinit                   0x080001c9   Thumb Code    28  __scatter_zi.o(!!handler_zi)
    __rt_lib_init                            0x080001e5   Thumb Code     0  libinit.o(.ARM.Collect$$libinit$$00000000)
    __rt_lib_init_alloca_1                   0x080001e7   Thumb Code     0  libinit2.o(.ARM.Collect$$libinit$$0000002E)
    __rt_lib_init_argv_1                     0x080001e7   Thumb Code     0  libinit2.o(.ARM.Collect$$libinit$$0000002C)
    __rt_lib_init_atexit_1                   0x080001e7   Thumb Code     0  libinit2.o(.ARM.Collect$$libinit$$0000001B)
    __rt_lib_init_clock_1                    0x080001e7   Thumb Code     0  libinit2.o(.ARM.Collect$$libinit$$00000021)
    __rt_lib_init_cpp_1                      0x080001e7   Thumb Code     0  libinit2.o(.ARM.Collect$$libinit$$00000032)
    __rt_lib_init_exceptions_1               0x080001e7   Thumb Code     0  libinit2.o(.ARM.Collect$$libinit$$00000030)
    __rt_lib_init_fp_1                       0x080001e7   Thumb Code     0  libinit2.o(.ARM.Collect$$libinit$$00000002)
    __rt_lib_init_fp_trap_1                  0x080001e7   Thumb Code     0  libinit2.o(.ARM.Collect$$libinit$$0000001F)
    __rt_lib_init_getenv_1                   0x080001e7   Thumb Code     0  libinit2.o(.ARM.Collect$$libinit$$00000023)
    __rt_lib_init_heap_1                     0x080001e7   Thumb Code     0  libinit2.o(.ARM.Collect$$libinit$$0000000A)
    __rt_lib_init_lc_collate_1               0x080001e7   Thumb Code     0  libinit2.o(.ARM.Collect$$libinit$$00000011)
    __rt_lib_init_lc_ctype_1                 0x080001e7   Thumb Code     0  libinit2.o(.ARM.Collect$$libinit$$00000013)
    __rt_lib_init_lc_monetary_1              0x080001e7   Thumb Code     0  libinit2.o(.ARM.Collect$$libinit$$00000015)
    __rt_lib_init_lc_numeric_1               0x080001e7   Thumb Code     0  libinit2.o(.ARM.Collect$$libinit$$00000017)
    __rt_lib_init_lc_time_1                  0x080001e7   Thumb Code     0  libinit2.o(.ARM.Collect$$libinit$$00000019)
    __rt_lib_init_preinit_1                  0x080001e7   Thumb Code     0  libinit2.o(.ARM.Collect$$libinit$$00000004)
    __rt_lib_init_rand_1                     0x080001e7   Thumb Code     0  libinit2.o(.ARM.Collect$$libinit$$0000000E)
    __rt_lib_init_return                     0x080001e7   Thumb Code     0  libinit2.o(.ARM.Collect$$libinit$$00000033)
    __rt_lib_init_signal_1                   0x080001e7   Thumb Code     0  libinit2.o(.ARM.Collect$$libinit$$0000001D)
    __rt_lib_init_stdio_1                    0x080001e7   Thumb Code     0  libinit2.o(.ARM.Collect$$libinit$$00000025)
    __rt_lib_init_user_alloc_1               0x080001e7   Thumb Code     0  libinit2.o(.ARM.Collect$$libinit$$0000000C)
    __rt_lib_shutdown                        0x080001e9   Thumb Code     0  libshutdown.o(.ARM.Collect$$libshutdown$$00000000)
    __rt_lib_shutdown_fp_trap_1              0x080001eb   Thumb Code     0  libshutdown2.o(.ARM.Collect$$libshutdown$$00000006)
    __rt_lib_shutdown_heap_1                 0x080001eb   Thumb Code     0  libshutdown2.o(.ARM.Collect$$libshutdown$$0000000E)
    __rt_lib_shutdown_return                 0x080001eb   Thumb Code     0  libshutdown2.o(.ARM.Collect$$libshutdown$$0000000F)
    __rt_lib_shutdown_signal_1               0x080001eb   Thumb Code     0  libshutdown2.o(.ARM.Collect$$libshutdown$$00000009)
    __rt_lib_shutdown_stdio_1                0x080001eb   Thumb Code     0  libshutdown2.o(.ARM.Collect$$libshutdown$$00000003)
    __rt_lib_shutdown_user_alloc_1           0x080001eb   Thumb Code     0  libshutdown2.o(.ARM.Collect$$libshutdown$$0000000B)
    __rt_entry                               0x080001ed   Thumb Code     0  __rtentry.o(.ARM.Collect$$rtentry$$00000000)
    __rt_entry_presh_1                       0x080001ed   Thumb Code     0  __rtentry2.o(.ARM.Collect$$rtentry$$00000002)
    __rt_entry_sh                            0x080001ed   Thumb Code     0  __rtentry4.o(.ARM.Collect$$rtentry$$00000004)
    __rt_entry_li                            0x080001f3   Thumb Code     0  __rtentry2.o(.ARM.Collect$$rtentry$$0000000A)
    __rt_entry_postsh_1                      0x080001f3   Thumb Code     0  __rtentry2.o(.ARM.Collect$$rtentry$$00000009)
    __rt_entry_main                          0x080001f7   Thumb Code     0  __rtentry2.o(.ARM.Collect$$rtentry$$0000000D)
    __rt_entry_postli_1                      0x080001f7   Thumb Code     0  __rtentry2.o(.ARM.Collect$$rtentry$$0000000C)
    __rt_exit                                0x080001ff   Thumb Code     0  rtexit.o(.ARM.Collect$$rtexit$$00000000)
    __rt_exit_ls                             0x08000201   Thumb Code     0  rtexit2.o(.ARM.Collect$$rtexit$$00000003)
    __rt_exit_prels_1                        0x08000201   Thumb Code     0  rtexit2.o(.ARM.Collect$$rtexit$$00000002)
    __rt_exit_exit                           0x08000205   Thumb Code     0  rtexit2.o(.ARM.Collect$$rtexit$$00000004)
    Reset_Handler                            0x0800020d   Thumb Code     8  startup_stm32f10x_hd.o(.text)
    ADC1_2_IRQHandler                        0x08000227   Thumb Code     0  startup_stm32f10x_hd.o(.text)
    ADC3_IRQHandler                          0x08000227   Thumb Code     0  startup_stm32f10x_hd.o(.text)
    CAN1_RX1_IRQHandler                      0x08000227   Thumb Code     0  startup_stm32f10x_hd.o(.text)
    CAN1_SCE_IRQHandler                      0x08000227   Thumb Code     0  startup_stm32f10x_hd.o(.text)
    DMA1_Channel1_IRQHandler                 0x08000227   Thumb Code     0  startup_stm32f10x_hd.o(.text)
    DMA1_Channel2_IRQHandler                 0x08000227   Thumb Code     0  startup_stm32f10x_hd.o(.text)
    DMA1_Channel3_IRQHandler                 0x08000227   Thumb Code     0  startup_stm32f10x_hd.o(.text)
    DMA1_Channel4_IRQHandler                 0x08000227   Thumb Code     0  startup_stm32f10x_hd.o(.text)
    DMA1_Channel5_IRQHandler                 0x08000227   Thumb Code     0  startup_stm32f10x_hd.o(.text)
    DMA1_Channel6_IRQHandler                 0x08000227   Thumb Code     0  startup_stm32f10x_hd.o(.text)
    DMA1_Channel7_IRQHandler                 0x08000227   Thumb Code     0  startup_stm32f10x_hd.o(.text)
    DMA2_Channel1_IRQHandler                 0x08000227   Thumb Code     0  startup_stm32f10x_hd.o(.text)
    DMA2_Channel2_IRQHandler                 0x08000227   Thumb Code     0  startup_stm32f10x_hd.o(.text)
    DMA2_Channel3_IRQHandler                 0x08000227   Thumb Code     0  startup_stm32f10x_hd.o(.text)
    DMA2_Channel4_5_IRQHandler               0x08000227   Thumb Code     0  startup_stm32f10x_hd.o(.text)
    EXTI0_IRQHandler                         0x08000227   Thumb Code     0  startup_stm32f10x_hd.o(.text)
    EXTI15_10_IRQHandler                     0x08000227   Thumb Code     0  startup_stm32f10x_hd.o(.text)
    EXTI1_IRQHandler                         0x08000227   Thumb Code     0  startup_stm32f10x_hd.o(.text)
    EXTI2_IRQHandler                         0x08000227   Thumb Code     0  startup_stm32f10x_hd.o(.text)
    EXTI3_IRQHandler                         0x08000227   Thumb Code     0  startup_stm32f10x_hd.o(.text)
    EXTI4_IRQHandler                         0x08000227   Thumb Code     0  startup_stm32f10x_hd.o(.text)
    EXTI9_5_IRQHandler                       0x08000227   Thumb Code     0  startup_stm32f10x_hd.o(.text)
    FLASH_IRQHandler                         0x08000227   Thumb Code     0  startup_stm32f10x_hd.o(.text)
    FSMC_IRQHandler                          0x08000227   Thumb Code     0  startup_stm32f10x_hd.o(.text)
    I2C1_ER_IRQHandler                       0x08000227   Thumb Code     0  startup_stm32f10x_hd.o(.text)
    I2C1_EV_IRQHandler                       0x08000227   Thumb Code     0  startup_stm32f10x_hd.o(.text)
    I2C2_ER_IRQHandler                       0x08000227   Thumb Code     0  startup_stm32f10x_hd.o(.text)
    I2C2_EV_IRQHandler                       0x08000227   Thumb Code     0  startup_stm32f10x_hd.o(.text)
    PVD_IRQHandler                           0x08000227   Thumb Code     0  startup_stm32f10x_hd.o(.text)
    RCC_IRQHandler                           0x08000227   Thumb Code     0  startup_stm32f10x_hd.o(.text)
    RTCAlarm_IRQHandler                      0x08000227   Thumb Code     0  startup_stm32f10x_hd.o(.text)
    RTC_IRQHandler                           0x08000227   Thumb Code     0  startup_stm32f10x_hd.o(.text)
    SDIO_IRQHandler                          0x08000227   Thumb Code     0  startup_stm32f10x_hd.o(.text)
    SPI1_IRQHandler                          0x08000227   Thumb Code     0  startup_stm32f10x_hd.o(.text)
    SPI2_IRQHandler                          0x08000227   Thumb Code     0  startup_stm32f10x_hd.o(.text)
    SPI3_IRQHandler                          0x08000227   Thumb Code     0  startup_stm32f10x_hd.o(.text)
    TAMPER_IRQHandler                        0x08000227   Thumb Code     0  startup_stm32f10x_hd.o(.text)
    TIM1_BRK_IRQHandler                      0x08000227   Thumb Code     0  startup_stm32f10x_hd.o(.text)
    TIM1_TRG_COM_IRQHandler                  0x08000227   Thumb Code     0  startup_stm32f10x_hd.o(.text)
    TIM1_UP_IRQHandler                       0x08000227   Thumb Code     0  startup_stm32f10x_hd.o(.text)
    TIM2_IRQHandler                          0x08000227   Thumb Code     0  startup_stm32f10x_hd.o(.text)
    TIM3_IRQHandler                          0x08000227   Thumb Code     0  startup_stm32f10x_hd.o(.text)
    TIM5_IRQHandler                          0x08000227   Thumb Code     0  startup_stm32f10x_hd.o(.text)
    TIM7_IRQHandler                          0x08000227   Thumb Code     0  startup_stm32f10x_hd.o(.text)
    TIM8_BRK_IRQHandler                      0x08000227   Thumb Code     0  startup_stm32f10x_hd.o(.text)
    TIM8_CC_IRQHandler                       0x08000227   Thumb Code     0  startup_stm32f10x_hd.o(.text)
    TIM8_TRG_COM_IRQHandler                  0x08000227   Thumb Code     0  startup_stm32f10x_hd.o(.text)
    TIM8_UP_IRQHandler                       0x08000227   Thumb Code     0  startup_stm32f10x_hd.o(.text)
    UART4_IRQHandler                         0x08000227   Thumb Code     0  startup_stm32f10x_hd.o(.text)
    UART5_IRQHandler                         0x08000227   Thumb Code     0  startup_stm32f10x_hd.o(.text)
    USART2_IRQHandler                        0x08000227   Thumb Code     0  startup_stm32f10x_hd.o(.text)
    USART3_IRQHandler                        0x08000227   Thumb Code     0  startup_stm32f10x_hd.o(.text)
    USBWakeUp_IRQHandler                     0x08000227   Thumb Code     0  startup_stm32f10x_hd.o(.text)
    USB_HP_CAN1_TX_IRQHandler                0x08000227   Thumb Code     0  startup_stm32f10x_hd.o(.text)
    USB_LP_CAN1_RX0_IRQHandler               0x08000227   Thumb Code     0  startup_stm32f10x_hd.o(.text)
    WWDG_IRQHandler                          0x08000227   Thumb Code     0  startup_stm32f10x_hd.o(.text)
    __user_initial_stackheap                 0x08000229   Thumb Code     0  startup_stm32f10x_hd.o(.text)
    __use_no_semihosting                     0x0800024d   Thumb Code     2  use_no_semi_2.o(.text)
    __2printf                                0x08000251   Thumb Code    20  noretval__2printf.o(.text)
    __use_two_region_memory                  0x08000269   Thumb Code     2  heapauxi.o(.text)
    __rt_heap_escrow$2region                 0x0800026b   Thumb Code     2  heapauxi.o(.text)
    __rt_heap_expand$2region                 0x0800026d   Thumb Code     2  heapauxi.o(.text)
    __I$use$semihosting                      0x0800026f   Thumb Code     0  use_no_semi.o(.text)
    __use_no_semihosting_swi                 0x0800026f   Thumb Code     2  use_no_semi.o(.text)
    _printf_char_file                        0x08000271   Thumb Code    32  _printf_char_file.o(.text)
    _printf_char_common                      0x0800029f   Thumb Code    32  _printf_char_common.o(.text)
    ferror                                   0x080002c5   Thumb Code     8  ferror.o(.text)
    __user_setup_stackheap                   0x080002cd   Thumb Code    74  sys_stackheap_outer.o(.text)
    __printf                                 0x08000317   Thumb Code    40  __printf_nopercent.o(.text)
    exit                                     0x0800033f   Thumb Code    12  exit.o(.text)
    __user_libspace                          0x0800034d   Thumb Code     8  libspace.o(.text)
    __user_perproc_libspace                  0x0800034d   Thumb Code     0  libspace.o(.text)
    __user_perthread_libspace                0x0800034d   Thumb Code     0  libspace.o(.text)
    AT24CXX_Init                             0x08000355   Thumb Code     8  24cxx.o(i.AT24CXX_Init)
    AT24CXX_Read                             0x0800035d   Thumb Code    34  24cxx.o(i.AT24CXX_Read)
    AT24CXX_ReadOneByte                      0x0800037f   Thumb Code    88  24cxx.o(i.AT24CXX_ReadOneByte)
    BusFault_Handler                         0x080003d7   Thumb Code     4  stm32f10x_it.o(i.BusFault_Handler)
    DebugMon_Handler                         0x080003db   Thumb Code     2  stm32f10x_it.o(i.DebugMon_Handler)
    GPIO_Init                                0x080003dd   Thumb Code   278  stm32f10x_gpio.o(i.GPIO_Init)
    GPIO_PinRemapConfig                      0x080004f5   Thumb Code   138  stm32f10x_gpio.o(i.GPIO_PinRemapConfig)
    GPIO_ResetBits                           0x08000585   Thumb Code     4  stm32f10x_gpio.o(i.GPIO_ResetBits)
    GPIO_SetBits                             0x08000589   Thumb Code     4  stm32f10x_gpio.o(i.GPIO_SetBits)
    GetDisire                                0x0800058d   Thumb Code   306  kinematics.o(i.GetDisire)
    GetVelocity                              0x080006d1   Thumb Code   336  kinematics.o(i.GetVelocity)
    HardFault_Handler                        0x08000845   Thumb Code     4  stm32f10x_it.o(i.HardFault_Handler)
    IIC_Ack                                  0x08000849   Thumb Code    66  myiic.o(i.IIC_Ack)
    IIC_Init                                 0x08000899   Thumb Code    50  myiic.o(i.IIC_Init)
    IIC_NAck                                 0x080008d1   Thumb Code    66  myiic.o(i.IIC_NAck)
    IIC_Read_Byte                            0x08000921   Thumb Code    98  myiic.o(i.IIC_Read_Byte)
    IIC_Send_Byte                            0x08000991   Thumb Code   104  myiic.o(i.IIC_Send_Byte)
    IIC_Start                                0x08000a05   Thumb Code    64  myiic.o(i.IIC_Start)
    IIC_Stop                                 0x08000a51   Thumb Code    62  myiic.o(i.IIC_Stop)
    IIC_Wait_Ack                             0x08000a9d   Thumb Code    86  myiic.o(i.IIC_Wait_Ack)
    LED_Init                                 0x08000b01   Thumb Code    68  led.o(i.LED_Init)
    MatrixInit                               0x08000b4d   Thumb Code    60  kinematics.o(i.MatrixInit)
    MemManage_Handler                        0x08000b95   Thumb Code     4  stm32f10x_it.o(i.MemManage_Handler)
    NMI_Handler                              0x08000b99   Thumb Code     2  stm32f10x_it.o(i.NMI_Handler)
    NVIC_Init                                0x08000b9d   Thumb Code   100  misc.o(i.NVIC_Init)
    NVIC_PriorityGroupConfig                 0x08000c0d   Thumb Code    10  misc.o(i.NVIC_PriorityGroupConfig)
    PID_CALL                                 0x08000c21   Thumb Code  2172  pid.o(i.PID_CALL)
    PID_INIT                                 0x080014a1   Thumb Code   138  pid.o(i.PID_INIT)
    PIN2_Init                                0x08001531   Thumb Code    60  pwm_in.o(i.PIN2_Init)
    PendSV_Handler                           0x08001575   Thumb Code     2  stm32f10x_it.o(i.PendSV_Handler)
    RCC_APB1PeriphClockCmd                   0x08001579   Thumb Code    26  stm32f10x_rcc.o(i.RCC_APB1PeriphClockCmd)
    RCC_APB2PeriphClockCmd                   0x08001599   Thumb Code    26  stm32f10x_rcc.o(i.RCC_APB2PeriphClockCmd)
    RCC_GetClocksFreq                        0x080015b9   Thumb Code   192  stm32f10x_rcc.o(i.RCC_GetClocksFreq)
    SVC_Handler                              0x0800168d   Thumb Code     2  stm32f10x_it.o(i.SVC_Handler)
    SysTick_CLKSourceConfig                  0x08001779   Thumb Code    40  misc.o(i.SysTick_CLKSourceConfig)
    SysTick_Handler                          0x080017a1   Thumb Code     2  stm32f10x_it.o(i.SysTick_Handler)
    SystemInit                               0x080017a5   Thumb Code    78  system_stm32f10x.o(i.SystemInit)
    TIM1_CC_IRQHandler                       0x08001a45   Thumb Code   842  pwm_in.o(i.TIM1_CC_IRQHandler)
    TIM2_PWM_Init                            0x08001df5   Thumb Code   192  pwm_out.o(i.TIM2_PWM_Init)
    TIM2_PWM_OUTPUT                          0x08001eb9   Thumb Code    56  pwm_out.o(i.TIM2_PWM_OUTPUT)
    TIM3_PWM_Init                            0x08001ef1   Thumb Code   202  pwm_out.o(i.TIM3_PWM_Init)
    TIM3_PWM_OUTPUT                          0x08001fc9   Thumb Code    48  pwm_out.o(i.TIM3_PWM_OUTPUT)
    TIM4_IRQHandler                          0x08001ffd   Thumb Code   658  pwm_in.o(i.TIM4_IRQHandler)
    TIM6_IRQHandler                          0x080022e5   Thumb Code   150  main.o(i.TIM6_IRQHandler)
    TIM_ARRPreloadConfig                     0x08002399   Thumb Code    24  stm32f10x_tim.o(i.TIM_ARRPreloadConfig)
    TIM_ClearITPendingBit                    0x080023b1   Thumb Code     6  stm32f10x_tim.o(i.TIM_ClearITPendingBit)
    TIM_Cmd                                  0x080023b7   Thumb Code    24  stm32f10x_tim.o(i.TIM_Cmd)
    TIM_GetCapture1                          0x080023cf   Thumb Code     6  stm32f10x_tim.o(i.TIM_GetCapture1)
    TIM_GetCapture2                          0x080023d5   Thumb Code     6  stm32f10x_tim.o(i.TIM_GetCapture2)
    TIM_GetCapture3                          0x080023db   Thumb Code     6  stm32f10x_tim.o(i.TIM_GetCapture3)
    TIM_GetCapture4                          0x080023e1   Thumb Code     8  stm32f10x_tim.o(i.TIM_GetCapture4)
    TIM_GetITStatus                          0x080023e9   Thumb Code    34  stm32f10x_tim.o(i.TIM_GetITStatus)
    TIM_ICInit                               0x0800240d   Thumb Code   150  stm32f10x_tim.o(i.TIM_ICInit)
    TIM_ITConfig                             0x080024b9   Thumb Code    18  stm32f10x_tim.o(i.TIM_ITConfig)
    TIM_OC1Init                              0x080024cd   Thumb Code   132  stm32f10x_tim.o(i.TIM_OC1Init)
    TIM_OC1PolarityConfig                    0x08002565   Thumb Code    18  stm32f10x_tim.o(i.TIM_OC1PolarityConfig)
    TIM_OC1PreloadConfig                     0x08002577   Thumb Code    18  stm32f10x_tim.o(i.TIM_OC1PreloadConfig)
    TIM_OC2Init                              0x08002589   Thumb Code   154  stm32f10x_tim.o(i.TIM_OC2Init)
    TIM_OC2PolarityConfig                    0x0800262d   Thumb Code    26  stm32f10x_tim.o(i.TIM_OC2PolarityConfig)
    TIM_OC2PreloadConfig                     0x08002647   Thumb Code    26  stm32f10x_tim.o(i.TIM_OC2PreloadConfig)
    TIM_OC3Init                              0x08002661   Thumb Code   150  stm32f10x_tim.o(i.TIM_OC3Init)
    TIM_OC3PolarityConfig                    0x08002701   Thumb Code    26  stm32f10x_tim.o(i.TIM_OC3PolarityConfig)
    TIM_OC3PreloadConfig                     0x0800271b   Thumb Code    18  stm32f10x_tim.o(i.TIM_OC3PreloadConfig)
    TIM_OC4Init                              0x0800272d   Thumb Code   114  stm32f10x_tim.o(i.TIM_OC4Init)
    TIM_OC4PolarityConfig                    0x080027a9   Thumb Code    26  stm32f10x_tim.o(i.TIM_OC4PolarityConfig)
    TIM_OC4PreloadConfig                     0x080027c3   Thumb Code    26  stm32f10x_tim.o(i.TIM_OC4PreloadConfig)
    TIM_PWM_SET                              0x080027dd   Thumb Code    48  pwm_out.o(i.TIM_PWM_SET)
    TIM_SetCompare1                          0x0800280d   Thumb Code     4  stm32f10x_tim.o(i.TIM_SetCompare1)
    TIM_SetCompare2                          0x08002811   Thumb Code     4  stm32f10x_tim.o(i.TIM_SetCompare2)
    TIM_SetCompare3                          0x08002815   Thumb Code     4  stm32f10x_tim.o(i.TIM_SetCompare3)
    TIM_SetCompare4                          0x08002819   Thumb Code     6  stm32f10x_tim.o(i.TIM_SetCompare4)
    TIM_SetIC1Prescaler                      0x0800281f   Thumb Code    18  stm32f10x_tim.o(i.TIM_SetIC1Prescaler)
    TIM_SetIC2Prescaler                      0x08002831   Thumb Code    26  stm32f10x_tim.o(i.TIM_SetIC2Prescaler)
    TIM_SetIC3Prescaler                      0x0800284b   Thumb Code    18  stm32f10x_tim.o(i.TIM_SetIC3Prescaler)
    TIM_SetIC4Prescaler                      0x0800285d   Thumb Code    26  stm32f10x_tim.o(i.TIM_SetIC4Prescaler)
    TIM_TimeBaseInit                         0x08002879   Thumb Code   122  stm32f10x_tim.o(i.TIM_TimeBaseInit)
    Timer6_Init                              0x0800291d   Thumb Code    90  timer.o(i.Timer6_Init)
    USART1_IRQHandler                        0x0800297d   Thumb Code   122  usart.o(i.USART1_IRQHandler)
    USART_Cmd                                0x08002a05   Thumb Code    24  stm32f10x_usart.o(i.USART_Cmd)
    USART_GetITStatus                        0x08002a1d   Thumb Code    84  stm32f10x_usart.o(i.USART_GetITStatus)
    USART_ITConfig                           0x08002a71   Thumb Code    74  stm32f10x_usart.o(i.USART_ITConfig)
    USART_Init                               0x08002abd   Thumb Code   210  stm32f10x_usart.o(i.USART_Init)
    USART_ReceiveData                        0x08002b95   Thumb Code    10  stm32f10x_usart.o(i.USART_ReceiveData)
    UsageFault_Handler                       0x08002b9f   Thumb Code     4  stm32f10x_it.o(i.UsageFault_Handler)
    _sys_exit                                0x08002ba3   Thumb Code     6  usart.o(i._sys_exit)
    delay_init                               0x08002ba9   Thumb Code    50  delay.o(i.delay_init)
    delay_ms                                 0x08002bed   Thumb Code    72  delay.o(i.delay_ms)
    delay_us                                 0x08002c39   Thumb Code    72  delay.o(i.delay_us)
    fputc                                    0x08002c85   Thumb Code    24  usart.o(i.fputc)
    main                                     0x08002ca1   Thumb Code   150  main.o(i.main)
    pwm_in_init                              0x08002d6d   Thumb Code   326  pwm_in.o(i.pwm_in_init)
    tim1_pwm_in_init                         0x08002ebd   Thumb Code   324  pwm_in.o(i.tim1_pwm_in_init)
    uart_init                                0x0800300d   Thumb Code   152  usart.o(i.uart_init)
    __aeabi_d2f                              0x080030ad   Thumb Code     0  d2f.o(x$fpl$d2f)
    _d2f                                     0x080030ad   Thumb Code    98  d2f.o(x$fpl$d2f)
    __aeabi_i2d                              0x0800310f   Thumb Code     0  dflt_clz.o(x$fpl$dflt)
    _dflt                                    0x0800310f   Thumb Code    46  dflt_clz.o(x$fpl$dflt)
    __aeabi_dmul                             0x0800313d   Thumb Code     0  dmul.o(x$fpl$dmul)
    _dmul                                    0x0800313d   Thumb Code   332  dmul.o(x$fpl$dmul)
    __fpl_dnaninf                            0x08003291   Thumb Code   156  dnaninf.o(x$fpl$dnaninf)
    __fpl_dretinf                            0x0800332d   Thumb Code    12  dretinf.o(x$fpl$dretinf)
    __aeabi_fadd                             0x08003339   Thumb Code     0  faddsub_clz.o(x$fpl$fadd)
    _fadd                                    0x08003339   Thumb Code   196  faddsub_clz.o(x$fpl$fadd)
    __fpl_fcmp_Inf                           0x080033fd   Thumb Code    24  fcmpi.o(x$fpl$fcmpinf)
    __aeabi_f2iz                             0x08003415   Thumb Code     0  ffix.o(x$fpl$ffix)
    _ffix                                    0x08003415   Thumb Code    54  ffix.o(x$fpl$ffix)
    __aeabi_i2f                              0x0800344d   Thumb Code     0  fflt_clz.o(x$fpl$fflt)
    _fflt                                    0x0800344d   Thumb Code    48  fflt_clz.o(x$fpl$fflt)
    __aeabi_cfcmple                          0x0800347d   Thumb Code     0  fleqf.o(x$fpl$fleqf)
    _fcmple                                  0x0800347d   Thumb Code   104  fleqf.o(x$fpl$fleqf)
    __fpl_fcmple_InfNaN                      0x080034cf   Thumb Code     0  fleqf.o(x$fpl$fleqf)
    __aeabi_fmul                             0x080034e5   Thumb Code     0  fmul.o(x$fpl$fmul)
    _fmul                                    0x080034e5   Thumb Code   258  fmul.o(x$fpl$fmul)
    __fpl_fnaninf                            0x080035e7   Thumb Code   140  fnaninf.o(x$fpl$fnaninf)
    __fpl_fretinf                            0x08003673   Thumb Code    10  fretinf.o(x$fpl$fretinf)
    __aeabi_cfrcmple                         0x0800367d   Thumb Code     0  frleqf.o(x$fpl$frleqf)
    _frcmple                                 0x0800367d   Thumb Code    98  frleqf.o(x$fpl$frleqf)
    __aeabi_fsub                             0x080036e1   Thumb Code     0  faddsub_clz.o(x$fpl$fsub)
    _fsub                                    0x080036e1   Thumb Code   234  faddsub_clz.o(x$fpl$fsub)
    __I$use$fp                               0x080037ca   Number         0  usenofp.o(x$fpl$usenofp)
    Region$$Table$$Base                      0x080037cc   Number         0  anon$$obj.o(Region$$Table)
    Region$$Table$$Limit                     0x080037ec   Number         0  anon$$obj.o(Region$$Table)
    oopo                                     0x20000000   Data           4  main.o(.data)
    DisireAngle                              0x20000004   Data           4  main.o(.data)
    controlflag                              0x20000008   Data           4  main.o(.data)
    Angle_flag                               0x2000000c   Data           1  main.o(.data)
    tim2flag                                 0x2000000d   Data           1  main.o(.data)
    uartrecived                              0x2000000e   Data           7  main.o(.data)
    iic_buf                                  0x20000015   Data           6  main.o(.data)
    charbuf                                  0x2000001b   Data           1  main.o(.data)
    justtest                                 0x2000001c   Data           4  main.o(.data)
    flagchange                               0x20000020   Data           1  main.o(.data)
    sendflag                                 0x20000021   Data           1  main.o(.data)
    i                                        0x20000022   Data           1  main.o(.data)
    test                                     0x20000023   Data           1  main.o(.data)
    SystemCoreClock                          0x20000024   Data           4  system_stm32f10x.o(.data)
    AHBPrescTable                            0x20000028   Data          16  system_stm32f10x.o(.data)
    __stdout                                 0x2000003c   Data           4  usart.o(.data)
    USART_RX_STA                             0x20000040   Data           2  usart.o(.data)
    TIM4CH1_CAPTURE_STA                      0x20000058   Data           1  pwm_in.o(.data)
    TIM4CH1_CAPTURE_UPVAL                    0x2000005c   Data           4  pwm_in.o(.data)
    TIM4CH1_CAPTURE_DOWNVAL                  0x20000060   Data           4  pwm_in.o(.data)
    TIM4CH2_CAPTURE_STA                      0x20000064   Data           1  pwm_in.o(.data)
    TIM4CH2_CAPTURE_UPVAL                    0x20000068   Data           4  pwm_in.o(.data)
    TIM4CH2_CAPTURE_DOWNVAL                  0x2000006c   Data           4  pwm_in.o(.data)
    TIM4CH3_CAPTURE_STA                      0x20000070   Data           1  pwm_in.o(.data)
    TIM4CH3_CAPTURE_UPVAL                    0x20000074   Data           4  pwm_in.o(.data)
    TIM4CH3_CAPTURE_DOWNVAL                  0x20000078   Data           4  pwm_in.o(.data)
    TIM4CH4_CAPTURE_STA                      0x2000007c   Data           1  pwm_in.o(.data)
    TIM4CH4_CAPTURE_UPVAL                    0x20000080   Data           4  pwm_in.o(.data)
    TIM4CH4_CAPTURE_DOWNVAL                  0x20000084   Data           4  pwm_in.o(.data)
    SPEED_ROLL_FLAG                          0x20000088   Data           1  pwm_in.o(.data)
    MyTurnflag                               0x20000089   Data           4  pwm_in.o(.data)
    tempup1                                  0x20000090   Data           4  pwm_in.o(.data)
    tempup2                                  0x20000094   Data           4  pwm_in.o(.data)
    tempup3                                  0x20000098   Data           4  pwm_in.o(.data)
    tempup4                                  0x2000009c   Data           4  pwm_in.o(.data)
    tim3_T                                   0x200000a0   Data           4  pwm_in.o(.data)
    pwmout1                                  0x200000a4   Data           4  pwm_in.o(.data)
    pwmout2                                  0x200000a8   Data           4  pwm_in.o(.data)
    pwmout3                                  0x200000ac   Data           4  pwm_in.o(.data)
    pwmout4                                  0x200000b0   Data           4  pwm_in.o(.data)
    speed1                                   0x200000b4   Data           4  pwm_in.o(.data)
    Control_Mode                             0x200000b8   Data           1  pwm_in.o(.data)
    TIM1CH1_CAPTURE_STA                      0x200000b9   Data           1  pwm_in.o(.data)
    TIM1CH1_CAPTURE_UPVAL                    0x200000bc   Data           4  pwm_in.o(.data)
    TIM1CH1_CAPTURE_DOWNVAL                  0x200000c0   Data           4  pwm_in.o(.data)
    TIM1CH2_CAPTURE_STA                      0x200000c4   Data           1  pwm_in.o(.data)
    TIM1CH2_CAPTURE_UPVAL                    0x200000c8   Data           4  pwm_in.o(.data)
    TIM1CH2_CAPTURE_DOWNVAL                  0x200000cc   Data           4  pwm_in.o(.data)
    TIM1CH3_CAPTURE_STA                      0x200000d0   Data           1  pwm_in.o(.data)
    TIM1CH3_CAPTURE_UPVAL                    0x200000d4   Data           4  pwm_in.o(.data)
    TIM1CH3_CAPTURE_DOWNVAL                  0x200000d8   Data           4  pwm_in.o(.data)
    TIM1CH4_CAPTURE_STA                      0x200000dc   Data           1  pwm_in.o(.data)
    TIM1CH4_CAPTURE_UPVAL                    0x200000e0   Data           4  pwm_in.o(.data)
    TIM1CH4_CAPTURE_DOWNVAL                  0x200000e4   Data           4  pwm_in.o(.data)
    whatup                                   0x200000e8   Data           1  pwm_in.o(.data)
    tempup11                                 0x200000ec   Data           4  pwm_in.o(.data)
    tempup12                                 0x200000f0   Data           4  pwm_in.o(.data)
    tempup13                                 0x200000f4   Data           4  pwm_in.o(.data)
    tempup14                                 0x200000f8   Data           4  pwm_in.o(.data)
    pwmout11                                 0x200000fc   Data           4  pwm_in.o(.data)
    pwmout12                                 0x20000100   Data           4  pwm_in.o(.data)
    pwmout13                                 0x20000104   Data           4  pwm_in.o(.data)
    pwmout14                                 0x20000108   Data           4  pwm_in.o(.data)
    go_pwm                                   0x20000110   Data           4  pid.o(.data)
    back_pwm                                 0x20000114   Data           4  pid.o(.data)
    angel_now                                0x20000118   Data           4  pid.o(.data)
    angel_past                               0x2000011c   Data           4  pid.o(.data)
    error_now                                0x20000120   Data           4  pid.o(.data)
    error_old                                0x20000124   Data           4  pid.o(.data)
    error_d                                  0x20000128   Data           4  pid.o(.data)
    error_i                                  0x2000012c   Data           4  pid.o(.data)
    delay_flag                               0x20000130   Data           1  pid.o(.data)
    error_speed_d                            0x20000134   Data           4  pid.o(.data)
    error_speed_now                          0x20000138   Data           4  pid.o(.data)
    error_speed_old                          0x2000013c   Data           4  pid.o(.data)
    angel_old                                0x20000140   Data           4  pid.o(.data)
    pwm_old                                  0x20000144   Data           4  pid.o(.data)
    pwm_kp                                   0x20000148   Data           4  pid.o(.data)
    pwm_kd                                   0x2000014c   Data           4  pid.o(.data)
    pwm_ki                                   0x20000150   Data           4  pid.o(.data)
    pwm_pd                                   0x20000154   Data           4  pid.o(.data)
    pwm_kp_speed                             0x20000158   Data           4  pid.o(.data)
    pwm_kd_speed                             0x2000015c   Data           4  pid.o(.data)
    pwm_pd_speed                             0x20000160   Data           4  pid.o(.data)
    pid_kp                                   0x20000164   Data           4  pid.o(.data)
    pid_ki                                   0x20000168   Data           4  pid.o(.data)
    pid_kd                                   0x2000016c   Data           4  pid.o(.data)
    pid_para                                 0x20000170   Data          20  pid.o(.data)
    MyFlag                                   0x20000184   Data           4  pid.o(.data)
    Matrix                                   0x20000188   Data          48  kinematics.o(.data)
    cflag                                    0x200001b8   Data           1  kinematics.o(.data)
    pwmold                                   0x200001bc   Data          12  kinematics.o(.data)
    pwmnew                                   0x200001c8   Data          12  kinematics.o(.data)
    USART_RX_BUF                             0x200001d4   Data         200  usart.o(.bss)
    MyPwm                                    0x2000029c   Data          32  pid.o(.bss)
    MyDisire                                 0x200002bc   Data          16  pid.o(.bss)
    MyControl                                0x200002cc   Data         176  pid.o(.bss)
    velocity                                 0x2000037c   Data          12  kinematics.o(.bss)
    matrix                                   0x20000388   Data          48  kinematics.o(.bss)
    Speed                                    0x200003b8   Data          16  kinematics.o(.bss)
    __libspace_start                         0x200003c8   Data          96  libspace.o(.bss)
    __temporary_stack_top$libspace           0x20000428   Data           0  libspace.o(.bss)



==============================================================================

Memory Map of the image

  Image Entry point : 0x0800020d

  Load Region LR_1 (Base: 0x08000000, Size: 0x000039c0, Max: 0xffffffff, ABSOLUTE, COMPRESSED[0x00003844])

    Execution Region ER_RO (Base: 0x08000000, Size: 0x000037ec, Max: 0xffffffff, ABSOLUTE)

    Base Addr    Size         Type   Attr      Idx    E Section Name        Object

    0x08000000   0x00000130   Data   RO          395    RESET               startup_stm32f10x_hd.o
    0x08000130   0x00000008   Code   RO         3703  * !!!main             c_w.l(__main.o)
    0x08000138   0x00000034   Code   RO         3912    !!!scatter          c_w.l(__scatter.o)
    0x0800016c   0x0000005a   Code   RO         3910    !!dczerorl2         c_w.l(__dczerorl2.o)
    0x080001c6   0x00000002   PAD
    0x080001c8   0x0000001c   Code   RO         3914    !!handler_zi        c_w.l(__scatter_zi.o)
    0x080001e4   0x00000002   Code   RO         3785    .ARM.Collect$$libinit$$00000000  c_w.l(libinit.o)
    0x080001e6   0x00000000   Code   RO         3792    .ARM.Collect$$libinit$$00000002  c_w.l(libinit2.o)
    0x080001e6   0x00000000   Code   RO         3794    .ARM.Collect$$libinit$$00000004  c_w.l(libinit2.o)
    0x080001e6   0x00000000   Code   RO         3797    .ARM.Collect$$libinit$$0000000A  c_w.l(libinit2.o)
    0x080001e6   0x00000000   Code   RO         3799    .ARM.Collect$$libinit$$0000000C  c_w.l(libinit2.o)
    0x080001e6   0x00000000   Code   RO         3801    .ARM.Collect$$libinit$$0000000E  c_w.l(libinit2.o)
    0x080001e6   0x00000000   Code   RO         3804    .ARM.Collect$$libinit$$00000011  c_w.l(libinit2.o)
    0x080001e6   0x00000000   Code   RO         3806    .ARM.Collect$$libinit$$00000013  c_w.l(libinit2.o)
    0x080001e6   0x00000000   Code   RO         3808    .ARM.Collect$$libinit$$00000015  c_w.l(libinit2.o)
    0x080001e6   0x00000000   Code   RO         3810    .ARM.Collect$$libinit$$00000017  c_w.l(libinit2.o)
    0x080001e6   0x00000000   Code   RO         3812    .ARM.Collect$$libinit$$00000019  c_w.l(libinit2.o)
    0x080001e6   0x00000000   Code   RO         3814    .ARM.Collect$$libinit$$0000001B  c_w.l(libinit2.o)
    0x080001e6   0x00000000   Code   RO         3816    .ARM.Collect$$libinit$$0000001D  c_w.l(libinit2.o)
    0x080001e6   0x00000000   Code   RO         3818    .ARM.Collect$$libinit$$0000001F  c_w.l(libinit2.o)
    0x080001e6   0x00000000   Code   RO         3820    .ARM.Collect$$libinit$$00000021  c_w.l(libinit2.o)
    0x080001e6   0x00000000   Code   RO         3822    .ARM.Collect$$libinit$$00000023  c_w.l(libinit2.o)
    0x080001e6   0x00000000   Code   RO         3824    .ARM.Collect$$libinit$$00000025  c_w.l(libinit2.o)
    0x080001e6   0x00000000   Code   RO         3828    .ARM.Collect$$libinit$$0000002C  c_w.l(libinit2.o)
    0x080001e6   0x00000000   Code   RO         3830    .ARM.Collect$$libinit$$0000002E  c_w.l(libinit2.o)
    0x080001e6   0x00000000   Code   RO         3832    .ARM.Collect$$libinit$$00000030  c_w.l(libinit2.o)
    0x080001e6   0x00000000   Code   RO         3834    .ARM.Collect$$libinit$$00000032  c_w.l(libinit2.o)
    0x080001e6   0x00000002   Code   RO         3835    .ARM.Collect$$libinit$$00000033  c_w.l(libinit2.o)
    0x080001e8   0x00000002   Code   RO         3853    .ARM.Collect$$libshutdown$$00000000  c_w.l(libshutdown.o)
    0x080001ea   0x00000000   Code   RO         3864    .ARM.Collect$$libshutdown$$00000003  c_w.l(libshutdown2.o)
    0x080001ea   0x00000000   Code   RO         3867    .ARM.Collect$$libshutdown$$00000006  c_w.l(libshutdown2.o)
    0x080001ea   0x00000000   Code   RO         3870    .ARM.Collect$$libshutdown$$00000009  c_w.l(libshutdown2.o)
    0x080001ea   0x00000000   Code   RO         3872    .ARM.Collect$$libshutdown$$0000000B  c_w.l(libshutdown2.o)
    0x080001ea   0x00000000   Code   RO         3875    .ARM.Collect$$libshutdown$$0000000E  c_w.l(libshutdown2.o)
    0x080001ea   0x00000002   Code   RO         3876    .ARM.Collect$$libshutdown$$0000000F  c_w.l(libshutdown2.o)
    0x080001ec   0x00000000   Code   RO         3739    .ARM.Collect$$rtentry$$00000000  c_w.l(__rtentry.o)
    0x080001ec   0x00000000   Code   RO         3754    .ARM.Collect$$rtentry$$00000002  c_w.l(__rtentry2.o)
    0x080001ec   0x00000006   Code   RO         3766    .ARM.Collect$$rtentry$$00000004  c_w.l(__rtentry4.o)
    0x080001f2   0x00000000   Code   RO         3756    .ARM.Collect$$rtentry$$00000009  c_w.l(__rtentry2.o)
    0x080001f2   0x00000004   Code   RO         3757    .ARM.Collect$$rtentry$$0000000A  c_w.l(__rtentry2.o)
    0x080001f6   0x00000000   Code   RO         3759    .ARM.Collect$$rtentry$$0000000C  c_w.l(__rtentry2.o)
    0x080001f6   0x00000008   Code   RO         3760    .ARM.Collect$$rtentry$$0000000D  c_w.l(__rtentry2.o)
    0x080001fe   0x00000002   Code   RO         3789    .ARM.Collect$$rtexit$$00000000  c_w.l(rtexit.o)
    0x08000200   0x00000000   Code   RO         3837    .ARM.Collect$$rtexit$$00000002  c_w.l(rtexit2.o)
    0x08000200   0x00000004   Code   RO         3838    .ARM.Collect$$rtexit$$00000003  c_w.l(rtexit2.o)
    0x08000204   0x00000006   Code   RO         3839    .ARM.Collect$$rtexit$$00000004  c_w.l(rtexit2.o)
    0x0800020a   0x00000002   PAD
    0x0800020c   0x00000040   Code   RO          396  * .text               startup_stm32f10x_hd.o
    0x0800024c   0x00000002   Code   RO         3695    .text               c_w.l(use_no_semi_2.o)
    0x0800024e   0x00000002   PAD
    0x08000250   0x00000018   Code   RO         3699    .text               c_w.l(noretval__2printf.o)
    0x08000268   0x00000006   Code   RO         3701    .text               c_w.l(heapauxi.o)
    0x0800026e   0x00000002   Code   RO         3737    .text               c_w.l(use_no_semi.o)
    0x08000270   0x00000024   Code   RO         3740    .text               c_w.l(_printf_char_file.o)
    0x08000294   0x00000030   Code   RO         3768    .text               c_w.l(_printf_char_common.o)
    0x080002c4   0x00000008   Code   RO         3770    .text               c_w.l(ferror.o)
    0x080002cc   0x0000004a   Code   RO         3774    .text               c_w.l(sys_stackheap_outer.o)
    0x08000316   0x00000028   Code   RO         3776    .text               c_w.l(__printf_nopercent.o)
    0x0800033e   0x0000000c   Code   RO         3778    .text               c_w.l(exit.o)
    0x0800034a   0x00000002   PAD
    0x0800034c   0x00000008   Code   RO         3786    .text               c_w.l(libspace.o)
    0x08000354   0x00000008   Code   RO         3593    i.AT24CXX_Init      24cxx.o
    0x0800035c   0x00000022   Code   RO         3594    i.AT24CXX_Read      24cxx.o
    0x0800037e   0x00000058   Code   RO         3596    i.AT24CXX_ReadOneByte  24cxx.o
    0x080003d6   0x00000004   Code   RO          164    i.BusFault_Handler  stm32f10x_it.o
    0x080003da   0x00000002   Code   RO          165    i.DebugMon_Handler  stm32f10x_it.o
    0x080003dc   0x00000116   Code   RO         1551    i.GPIO_Init         stm32f10x_gpio.o
    0x080004f2   0x00000002   PAD
    0x080004f4   0x00000090   Code   RO         1553    i.GPIO_PinRemapConfig  stm32f10x_gpio.o
    0x08000584   0x00000004   Code   RO         1558    i.GPIO_ResetBits    stm32f10x_gpio.o
    0x08000588   0x00000004   Code   RO         1559    i.GPIO_SetBits      stm32f10x_gpio.o
    0x0800058c   0x00000144   Code   RO         3658    i.GetDisire         kinematics.o
    0x080006d0   0x00000174   Code   RO         3659    i.GetVelocity       kinematics.o
    0x08000844   0x00000004   Code   RO          166    i.HardFault_Handler  stm32f10x_it.o
    0x08000848   0x00000050   Code   RO         3538    i.IIC_Ack           myiic.o
    0x08000898   0x00000038   Code   RO         3539    i.IIC_Init          myiic.o
    0x080008d0   0x00000050   Code   RO         3540    i.IIC_NAck          myiic.o
    0x08000920   0x00000070   Code   RO         3541    i.IIC_Read_Byte     myiic.o
    0x08000990   0x00000074   Code   RO         3542    i.IIC_Send_Byte     myiic.o
    0x08000a04   0x0000004c   Code   RO         3543    i.IIC_Start         myiic.o
    0x08000a50   0x0000004c   Code   RO         3544    i.IIC_Stop          myiic.o
    0x08000a9c   0x00000064   Code   RO         3545    i.IIC_Wait_Ack      myiic.o
    0x08000b00   0x0000004c   Code   RO         3646    i.LED_Init          led.o
    0x08000b4c   0x00000048   Code   RO         3660    i.MatrixInit        kinematics.o
    0x08000b94   0x00000004   Code   RO          167    i.MemManage_Handler  stm32f10x_it.o
    0x08000b98   0x00000002   Code   RO          168    i.NMI_Handler       stm32f10x_it.o
    0x08000b9a   0x00000002   PAD
    0x08000b9c   0x00000070   Code   RO          400    i.NVIC_Init         misc.o
    0x08000c0c   0x00000014   Code   RO          401    i.NVIC_PriorityGroupConfig  misc.o
    0x08000c20   0x00000880   Code   RO         3503    i.PID_CALL          pid.o
    0x080014a0   0x00000090   Code   RO         3504    i.PID_INIT          pid.o
    0x08001530   0x00000044   Code   RO         3446    i.PIN2_Init         pwm_in.o
    0x08001574   0x00000002   Code   RO          169    i.PendSV_Handler    stm32f10x_it.o
    0x08001576   0x00000002   PAD
    0x08001578   0x00000020   Code   RO         1967    i.RCC_APB1PeriphClockCmd  stm32f10x_rcc.o
    0x08001598   0x00000020   Code   RO         1969    i.RCC_APB2PeriphClockCmd  stm32f10x_rcc.o
    0x080015b8   0x000000d4   Code   RO         1977    i.RCC_GetClocksFreq  stm32f10x_rcc.o
    0x0800168c   0x00000002   Code   RO          170    i.SVC_Handler       stm32f10x_it.o
    0x0800168e   0x00000008   Code   RO          227    i.SetSysClock       system_stm32f10x.o
    0x08001696   0x00000002   PAD
    0x08001698   0x000000e0   Code   RO          228    i.SetSysClockTo72   system_stm32f10x.o
    0x08001778   0x00000028   Code   RO          404    i.SysTick_CLKSourceConfig  misc.o
    0x080017a0   0x00000002   Code   RO          171    i.SysTick_Handler   stm32f10x_it.o
    0x080017a2   0x00000002   PAD
    0x080017a4   0x00000060   Code   RO          230    i.SystemInit        system_stm32f10x.o
    0x08001804   0x00000080   Code   RO         2585    i.TI1_Config        stm32f10x_tim.o
    0x08001884   0x00000098   Code   RO         2586    i.TI2_Config        stm32f10x_tim.o
    0x0800191c   0x00000090   Code   RO         2587    i.TI3_Config        stm32f10x_tim.o
    0x080019ac   0x00000098   Code   RO         2588    i.TI4_Config        stm32f10x_tim.o
    0x08001a44   0x000003b0   Code   RO         3447    i.TIM1_CC_IRQHandler  pwm_in.o
    0x08001df4   0x000000c4   Code   RO         3409    i.TIM2_PWM_Init     pwm_out.o
    0x08001eb8   0x00000038   Code   RO         3410    i.TIM2_PWM_OUTPUT   pwm_out.o
    0x08001ef0   0x000000d8   Code   RO         3411    i.TIM3_PWM_Init     pwm_out.o
    0x08001fc8   0x00000034   Code   RO         3412    i.TIM3_PWM_OUTPUT   pwm_out.o
    0x08001ffc   0x000002e8   Code   RO         3448    i.TIM4_IRQHandler   pwm_in.o
    0x080022e4   0x000000b4   Code   RO            2    i.TIM6_IRQHandler   main.o
    0x08002398   0x00000018   Code   RO         2589    i.TIM_ARRPreloadConfig  stm32f10x_tim.o
    0x080023b0   0x00000006   Code   RO         2596    i.TIM_ClearITPendingBit  stm32f10x_tim.o
    0x080023b6   0x00000018   Code   RO         2601    i.TIM_Cmd           stm32f10x_tim.o
    0x080023ce   0x00000006   Code   RO         2616    i.TIM_GetCapture1   stm32f10x_tim.o
    0x080023d4   0x00000006   Code   RO         2617    i.TIM_GetCapture2   stm32f10x_tim.o
    0x080023da   0x00000006   Code   RO         2618    i.TIM_GetCapture3   stm32f10x_tim.o
    0x080023e0   0x00000008   Code   RO         2619    i.TIM_GetCapture4   stm32f10x_tim.o
    0x080023e8   0x00000022   Code   RO         2622    i.TIM_GetITStatus   stm32f10x_tim.o
    0x0800240a   0x00000002   PAD
    0x0800240c   0x000000ac   Code   RO         2624    i.TIM_ICInit        stm32f10x_tim.o
    0x080024b8   0x00000012   Code   RO         2626    i.TIM_ITConfig      stm32f10x_tim.o
    0x080024ca   0x00000002   PAD
    0x080024cc   0x00000098   Code   RO         2630    i.TIM_OC1Init       stm32f10x_tim.o
    0x08002564   0x00000012   Code   RO         2632    i.TIM_OC1PolarityConfig  stm32f10x_tim.o
    0x08002576   0x00000012   Code   RO         2633    i.TIM_OC1PreloadConfig  stm32f10x_tim.o
    0x08002588   0x000000a4   Code   RO         2635    i.TIM_OC2Init       stm32f10x_tim.o
    0x0800262c   0x0000001a   Code   RO         2637    i.TIM_OC2PolarityConfig  stm32f10x_tim.o
    0x08002646   0x0000001a   Code   RO         2638    i.TIM_OC2PreloadConfig  stm32f10x_tim.o
    0x08002660   0x000000a0   Code   RO         2640    i.TIM_OC3Init       stm32f10x_tim.o
    0x08002700   0x0000001a   Code   RO         2642    i.TIM_OC3PolarityConfig  stm32f10x_tim.o
    0x0800271a   0x00000012   Code   RO         2643    i.TIM_OC3PreloadConfig  stm32f10x_tim.o
    0x0800272c   0x0000007c   Code   RO         2645    i.TIM_OC4Init       stm32f10x_tim.o
    0x080027a8   0x0000001a   Code   RO         2646    i.TIM_OC4PolarityConfig  stm32f10x_tim.o
    0x080027c2   0x0000001a   Code   RO         2647    i.TIM_OC4PreloadConfig  stm32f10x_tim.o
    0x080027dc   0x00000030   Code   RO         3413    i.TIM_PWM_SET       pwm_out.o
    0x0800280c   0x00000004   Code   RO         2662    i.TIM_SetCompare1   stm32f10x_tim.o
    0x08002810   0x00000004   Code   RO         2663    i.TIM_SetCompare2   stm32f10x_tim.o
    0x08002814   0x00000004   Code   RO         2664    i.TIM_SetCompare3   stm32f10x_tim.o
    0x08002818   0x00000006   Code   RO         2665    i.TIM_SetCompare4   stm32f10x_tim.o
    0x0800281e   0x00000012   Code   RO         2667    i.TIM_SetIC1Prescaler  stm32f10x_tim.o
    0x08002830   0x0000001a   Code   RO         2668    i.TIM_SetIC2Prescaler  stm32f10x_tim.o
    0x0800284a   0x00000012   Code   RO         2669    i.TIM_SetIC3Prescaler  stm32f10x_tim.o
    0x0800285c   0x0000001a   Code   RO         2670    i.TIM_SetIC4Prescaler  stm32f10x_tim.o
    0x08002876   0x00000002   PAD
    0x08002878   0x000000a4   Code   RO         2672    i.TIM_TimeBaseInit  stm32f10x_tim.o
    0x0800291c   0x00000060   Code   RO         3392    i.Timer6_Init       timer.o
    0x0800297c   0x00000088   Code   RO          342    i.USART1_IRQHandler  usart.o
    0x08002a04   0x00000018   Code   RO         3137    i.USART_Cmd         stm32f10x_usart.o
    0x08002a1c   0x00000054   Code   RO         3141    i.USART_GetITStatus  stm32f10x_usart.o
    0x08002a70   0x0000004a   Code   RO         3143    i.USART_ITConfig    stm32f10x_usart.o
    0x08002aba   0x00000002   PAD
    0x08002abc   0x000000d8   Code   RO         3144    i.USART_Init        stm32f10x_usart.o
    0x08002b94   0x0000000a   Code   RO         3151    i.USART_ReceiveData  stm32f10x_usart.o
    0x08002b9e   0x00000004   Code   RO          172    i.UsageFault_Handler  stm32f10x_it.o
    0x08002ba2   0x00000006   Code   RO          343    i._sys_exit         usart.o
    0x08002ba8   0x00000044   Code   RO          261    i.delay_init        delay.o
    0x08002bec   0x0000004c   Code   RO          262    i.delay_ms          delay.o
    0x08002c38   0x0000004c   Code   RO          263    i.delay_us          delay.o
    0x08002c84   0x0000001c   Code   RO          344    i.fputc             usart.o
    0x08002ca0   0x000000cc   Code   RO            3    i.main              main.o
    0x08002d6c   0x00000150   Code   RO         3449    i.pwm_in_init       pwm_in.o
    0x08002ebc   0x00000150   Code   RO         3450    i.tim1_pwm_in_init  pwm_in.o
    0x0800300c   0x000000a0   Code   RO          345    i.uart_init         usart.o
    0x080030ac   0x00000062   Code   RO         3705    x$fpl$d2f           fz_ws.l(d2f.o)
    0x0800310e   0x0000002e   Code   RO         3708    x$fpl$dflt          fz_ws.l(dflt_clz.o)
    0x0800313c   0x00000154   Code   RO         3713    x$fpl$dmul          fz_ws.l(dmul.o)
    0x08003290   0x0000009c   Code   RO         3742    x$fpl$dnaninf       fz_ws.l(dnaninf.o)
    0x0800332c   0x0000000c   Code   RO         3744    x$fpl$dretinf       fz_ws.l(dretinf.o)
    0x08003338   0x000000c4   Code   RO         3715    x$fpl$fadd          fz_ws.l(faddsub_clz.o)
    0x080033fc   0x00000018   Code   RO         3746    x$fpl$fcmpinf       fz_ws.l(fcmpi.o)
    0x08003414   0x00000036   Code   RO         3721    x$fpl$ffix          fz_ws.l(ffix.o)
    0x0800344a   0x00000002   PAD
    0x0800344c   0x00000030   Code   RO         3726    x$fpl$fflt          fz_ws.l(fflt_clz.o)
    0x0800347c   0x00000068   Code   RO         3731    x$fpl$fleqf         fz_ws.l(fleqf.o)
    0x080034e4   0x00000102   Code   RO         3733    x$fpl$fmul          fz_ws.l(fmul.o)
    0x080035e6   0x0000008c   Code   RO         3748    x$fpl$fnaninf       fz_ws.l(fnaninf.o)
    0x08003672   0x0000000a   Code   RO         3750    x$fpl$fretinf       fz_ws.l(fretinf.o)
    0x0800367c   0x00000062   Code   RO         3735    x$fpl$frleqf        fz_ws.l(frleqf.o)
    0x080036de   0x00000002   PAD
    0x080036e0   0x000000ea   Code   RO         3717    x$fpl$fsub          fz_ws.l(faddsub_clz.o)
    0x080037ca   0x00000000   Code   RO         3752    x$fpl$usenofp       fz_ws.l(usenofp.o)
    0x080037ca   0x00000002   PAD
    0x080037cc   0x00000020   Data   RO         3908    Region$$Table       anon$$obj.o


    Execution Region ER_RW (Base: 0x20000000, Size: 0x000001d4, Max: 0xffffffff, ABSOLUTE, COMPRESSED[0x00000058])

    Base Addr    Size         Type   Attr      Idx    E Section Name        Object

    0x20000000   0x00000024   Data   RW            4    .data               main.o
    0x20000024   0x00000014   Data   RW          231    .data               system_stm32f10x.o
    0x20000038   0x00000004   Data   RW          264    .data               delay.o
    0x2000003c   0x00000006   Data   RW          347    .data               usart.o
    0x20000042   0x00000014   Data   RW         1997    .data               stm32f10x_rcc.o
    0x20000056   0x00000002   PAD
    0x20000058   0x000000b8   Data   RW         3451    .data               pwm_in.o
    0x20000110   0x00000078   Data   RW         3507    .data               pid.o
    0x20000188   0x0000004c   Data   RW         3662    .data               kinematics.o


    Execution Region ER_ZI (Base: 0x200001d4, Size: 0x00000854, Max: 0xffffffff, ABSOLUTE)

    Base Addr    Size         Type   Attr      Idx    E Section Name        Object

    0x200001d4   0x000000c8   Zero   RW          346    .bss                usart.o
    0x2000029c   0x000000e0   Zero   RW         3505    .bss                pid.o
    0x2000037c   0x0000004c   Zero   RW         3661    .bss                kinematics.o
    0x200003c8   0x00000060   Zero   RW         3787    .bss                c_w.l(libspace.o)
    0x20000428   0x00000200   Zero   RW          394    HEAP                startup_stm32f10x_hd.o
    0x20000628   0x00000400   Zero   RW          393    STACK               startup_stm32f10x_hd.o


==============================================================================

Image component sizes


      Code (inc. data)   RO Data    RW Data    ZI Data      Debug   Object Name

       130          0          0          0          0       1968   24cxx.o
       220         26          0          4          0     206451   delay.o
       768         66          0         76         76       2494   kinematics.o
        76          8          0          0          0        495   led.o
       384         84          0         36          0     253647   main.o
       172         22          0          0          0       2033   misc.o
       696        100          0          0          0       4178   myiic.o
      2320         60          0        120        224       4277   pid.o
      2428        218          0        184          0       7149   pwm_in.o
       568         22          0          0          0       3510   pwm_out.o
        64         26        304          0       1536        792   startup_stm32f10x_hd.o
       430          6          0          0          0       3826   stm32f10x_gpio.o
        26          0          0          0          0       3658   stm32f10x_it.o
       276         32          0         20          0       4410   stm32f10x_rcc.o
      1934        200          0          0          0      21534   stm32f10x_tim.o
       408          6          0          0          0       4922   stm32f10x_usart.o
         0          0          0          0          0         32   sys.o
       328         28          0         20          0       2057   system_stm32f10x.o
        96          6          0          0          0        634   timer.o
       330         26          0          6        200       4132   usart.o

    ----------------------------------------------------------------------
     11672        936        336        468       2036     532199   Object Totals
         0          0         32          0          0          0   (incl. Generated)
        18          0          0          2          0          0   (incl. Padding)

    ----------------------------------------------------------------------

      Code (inc. data)   RO Data    RW Data    ZI Data      Debug   Library Member Name

        90          0          0          0          0          0   __dczerorl2.o
         8          0          0          0          0         68   __main.o
        40          0          0          0          0         84   __printf_nopercent.o
         0          0          0          0          0          0   __rtentry.o
        12          0          0          0          0          0   __rtentry2.o
         6          0          0          0          0          0   __rtentry4.o
        52          8          0          0          0          0   __scatter.o
        28          0          0          0          0          0   __scatter_zi.o
        48          6          0          0          0         96   _printf_char_common.o
        36          4          0          0          0         80   _printf_char_file.o
        12          0          0          0          0         72   exit.o
         8          0          0          0          0         68   ferror.o
         6          0          0          0          0        152   heapauxi.o
         2          0          0          0          0          0   libinit.o
         2          0          0          0          0          0   libinit2.o
         2          0          0          0          0          0   libshutdown.o
         2          0          0          0          0          0   libshutdown2.o
         8          4          0          0         96         68   libspace.o
        24          4          0          0          0         84   noretval__2printf.o
         2          0          0          0          0          0   rtexit.o
        10          0          0          0          0          0   rtexit2.o
        74          0          0          0          0         80   sys_stackheap_outer.o
         2          0          0          0          0         68   use_no_semi.o
         2          0          0          0          0         68   use_no_semi_2.o
        98          4          0          0          0         92   d2f.o
        46          0          0          0          0         68   dflt_clz.o
       340         12          0          0          0        104   dmul.o
       156          4          0          0          0         92   dnaninf.o
        12          0          0          0          0         68   dretinf.o
       430          8          0          0          0        168   faddsub_clz.o
        24          0          0          0          0         68   fcmpi.o
        54          4          0          0          0         84   ffix.o
        48          0          0          0          0         68   fflt_clz.o
       104          4          0          0          0         84   fleqf.o
       258          4          0          0          0         84   fmul.o
       140          4          0          0          0         84   fnaninf.o
        10          0          0          0          0         68   fretinf.o
        98          0          0          0          0         68   frleqf.o
         0          0          0          0          0          0   usenofp.o

    ----------------------------------------------------------------------
      2308         70          0          0         96       2188   Library Totals
        14          0          0          0          0          0   (incl. Padding)

    ----------------------------------------------------------------------

      Code (inc. data)   RO Data    RW Data    ZI Data      Debug   Library Name

       476         26          0          0         96        988   c_w.l
      1818         44          0          0          0       1200   fz_ws.l

    ----------------------------------------------------------------------
      2308         70          0          0         96       2188   Library Totals

    ----------------------------------------------------------------------

==============================================================================


      Code (inc. data)   RO Data    RW Data    ZI Data      Debug   

     13980       1006        336        468       2132     528247   Grand Totals
     13980       1006        336         88       2132     528247   ELF Image Totals (compressed)
     13980       1006        336         88          0          0   ROM Totals

==============================================================================

    Total RO  Size (Code + RO Data)                14316 (  13.98kB)
    Total RW  Size (RW Data + ZI Data)              2600 (   2.54kB)
    Total ROM Size (Code + RO Data + RW Data)      14404 (  14.07kB)

==============================================================================

